<html>
<body>
<pre>
<h1>µVision Build Log</h1>
<h2>Project:</h2>
C:\Users\kael5\Desktop\Project_Quad\github\Working\MDK-ARM\Project.uvproj
Project File Date:  09/26/2015

<h2>Output:</h2>
Build target 'Project'
compiling main.c...
..\Sensor\MPU6050.h(370): warning:  #1295-D: Deprecated declaration MPU6050_Initialize - give arg types
  void MPU6050_Initialize();
..\Sensor\MPU6050.h(371): warning:  #1295-D: Deprecated declaration MPU6050_TestConnection - give arg types
  bool MPU6050_TestConnection();
..\Sensor\MPU6050.h(374): warning:  #1295-D: Deprecated declaration MPU6050_GetFullScaleGyroRange - give arg types
  uint8_t MPU6050_GetFullScaleGyroRange();
..\Sensor\MPU6050.h(377): warning:  #1295-D: Deprecated declaration MPU6050_GetFullScaleAccelRange - give arg types
  uint8_t MPU6050_GetFullScaleAccelRange();
..\Sensor\MPU6050.h(381): warning:  #1295-D: Deprecated declaration MPU6050_GetSleepModeStatus - give arg types
  bool MPU6050_GetSleepModeStatus();
..\Sensor\MPU6050.h(385): warning:  #1295-D: Deprecated declaration MPU6050_GetDeviceID - give arg types
  uint8_t MPU6050_GetDeviceID();
..\Sensor\MPU6050.h(398): warning:  #1-D: last line of file ends without a newline
  #endif /* __MPU6050_H */
..\Sensor\HMC5883L.h(81): warning:  #1295-D: Deprecated declaration HMC5883L_Initialize - give arg types
  void HMC5883L_Initialize();
..\Sensor\HMC5883L.h(82): warning:  #1295-D: Deprecated declaration HMC5883L_TestConnection - give arg types
  bool HMC5883L_TestConnection();
..\Sensor\HMC5883L.h(85): warning:  #1295-D: Deprecated declaration HMC5883L_GetSampleAveraging - give arg types
  uint8_t HMC5883L_GetSampleAveraging();
..\Sensor\HMC5883L.h(87): warning:  #1295-D: Deprecated declaration HMC5883L_GetDataRate - give arg types
  uint8_t HMC5883L_GetDataRate();
..\Sensor\HMC5883L.h(89): warning:  #1295-D: Deprecated declaration HMC5883L_GetMeasurementBias - give arg types
  uint8_t HMC5883L_GetMeasurementBias();
..\Sensor\HMC5883L.h(93): warning:  #1295-D: Deprecated declaration HMC5883L_GetGain - give arg types
  uint8_t HMC5883L_GetGain();
..\Sensor\HMC5883L.h(97): warning:  #1295-D: Deprecated declaration HMC5883L_GetMode - give arg types
  uint8_t HMC5883L_GetMode();
..\Sensor\HMC5883L.h(103): warning:  #1295-D: Deprecated declaration HMC5883L_GetLockStatus - give arg types
  bool HMC5883L_GetLockStatus();
..\Sensor\HMC5883L.h(104): warning:  #1295-D: Deprecated declaration HMC5883L_GetReadyStatus - give arg types
  bool HMC5883L_GetReadyStatus();
..\Algorithm\pid.h(44): warning:  #1-D: last line of file ends without a newline
  #endif
..\main.c(95): warning:  #1035-D: single-precision operand implicitly converted to double-precision
    gyroX_rate = (gyroX - gyroX_offset)/GYRO_LSB;
..\main.c(96): warning:  #1035-D: single-precision operand implicitly converted to double-precision
    gyroY_rate = (gyroY - gyroY_offset)/GYRO_LSB;
..\main.c(97): warning:  #1035-D: single-precision operand implicitly converted to double-precision
    gyroZ_rate = (gyroZ - gyroZ_offset)/GYRO_LSB;
..\main.c(99): warning:  #1035-D: single-precision operand implicitly converted to double-precision
    gyroX_angle += gyroX_rate*DT;
..\main.c(100): warning:  #1035-D: single-precision operand implicitly converted to double-precision
    gyroY_angle += gyroY_rate*DT;
..\main.c(284): warning:  #177-D: variable "BLDC_M" was declared but never referenced
    u16 BLDC_M[4] = {0};
..\main.c(285): warning:  #550-D: variable "Pitch" was set but never used
    int16_t Pitch = 0, Roll = 0, Yaw = 0;
..\main.c(285): warning:  #550-D: variable "Roll" was set but never used
    int16_t Pitch = 0, Roll = 0, Yaw = 0;
..\main.c(285): warning:  #177-D: variable "Yaw" was declared but never referenced
    int16_t Pitch = 0, Roll = 0, Yaw = 0;
..\main.c: 26 warnings, 0 errors
linking...
Program Size: Code=6760 RO-data=584 RW-data=188 ZI-data=1052  
".\Project\Project.axf" - 0 Error(s), 26 Warning(s).
</pre>
</body>
</html>
