ARM Linker, 5.03 [Build 76] [MDK-ARM Lite]

==============================================================================

Section Cross References

    main.o(i.HMC5883L_Get_Offset) refers to hmc5883l.o(i.HMC5883L_GetHeading) for HMC5883L_GetHeading
    main.o(i.HMC5883L_Get_Offset) refers to main.o(.data) for .data
    main.o(i.HMC5883L_Get_Offset) refers to hmc5883l.o(.data) for m_scale
    main.o(i.IMU_Get_Data) refers to mpu6050.o(i.MPU6050_GetRawAccelTempGyro) for MPU6050_GetRawAccelTempGyro
    main.o(i.IMU_Get_Data) refers to kalman.o(i.kalman_single) for kalman_single
    main.o(i.IMU_Get_Data) refers to f2d.o(.text) for __aeabi_f2d
    main.o(i.IMU_Get_Data) refers to ddiv.o(.text) for __aeabi_ddiv
    main.o(i.IMU_Get_Data) refers to d2f.o(.text) for __aeabi_d2f
    main.o(i.IMU_Get_Data) refers to dmul.o(.text) for __aeabi_dmul
    main.o(i.IMU_Get_Data) refers to dadd.o(.text) for __aeabi_dadd
    main.o(i.IMU_Get_Data) refers to atan2.o(i.__hardfp_atan2) for __hardfp_atan2
    main.o(i.IMU_Get_Data) refers to sqrt.o(i.__hardfp_sqrt) for __hardfp_sqrt
    main.o(i.IMU_Get_Data) refers to atan.o(i.__hardfp_atan) for __hardfp_atan
    main.o(i.IMU_Get_Data) refers to kalman.o(i.kalman_filter_angle) for kalman_filter_angle
    main.o(i.IMU_Get_Data) refers to main.o(.bss) for .bss
    main.o(i.IMU_Get_Data) refers to main.o(.data) for .data
    main.o(i.IMU_Get_Data) refers to kalman.o(.bss) for kalman_single_X
    main.o(i.IMU_Get_Data) refers to kalman.o(.bss) for kalman_single_Y
    main.o(i.IMU_Get_Data) refers to kalman.o(.bss) for kalman_single_Z
    main.o(i.IMU_Get_Data) refers to kalman.o(.bss) for kalmanX
    main.o(i.IMU_Get_Data) refers to kalman.o(.bss) for kalmanY
    main.o(i.IMU_Get_Start) refers to mpu6050.o(i.MPU6050_GetRawAccelTempGyro) for MPU6050_GetRawAccelTempGyro
    main.o(i.IMU_Get_Start) refers to dflti.o(.text) for __aeabi_i2d
    main.o(i.IMU_Get_Start) refers to atan2.o(i.__hardfp_atan2) for __hardfp_atan2
    main.o(i.IMU_Get_Start) refers to dmul.o(.text) for __aeabi_dmul
    main.o(i.IMU_Get_Start) refers to d2f.o(.text) for __aeabi_d2f
    main.o(i.IMU_Get_Start) refers to main.o(.bss) for .bss
    main.o(i.IMU_Get_Start) refers to main.o(.data) for .data
    main.o(i.IMU_Get_Start) refers to kalman.o(.bss) for kalmanX
    main.o(i.IMU_Get_Start) refers to kalman.o(.bss) for kalmanY
    main.o(i.Led_Config) refers to stm32f4xx_rcc.o(i.RCC_AHB1PeriphClockCmd) for RCC_AHB1PeriphClockCmd
    main.o(i.Led_Config) refers to stm32f4xx_gpio.o(i.GPIO_Init) for GPIO_Init
    main.o(i.MPU6050_Get_Offset) refers to mpu6050.o(i.MPU6050_GetRawAccelTempGyro) for MPU6050_GetRawAccelTempGyro
    main.o(i.MPU6050_Get_Offset) refers to main.o(.bss) for .bss
    main.o(i.MPU6050_Get_Offset) refers to main.o(.data) for .data
    main.o(i.PID_Handle) refers to pid.o(i.PID_Adjustment) for PID_Adjustment
    main.o(i.PID_Handle) refers to main.o(.data) for .data
    main.o(i.PID_Handle) refers to pid.o(.bss) for PID_Roll
    main.o(i.PID_Handle) refers to pid.o(.bss) for PID_Pitch
    main.o(i.SysTick_Handler) refers to main.o(i.IMU_Get_Data) for IMU_Get_Data
    main.o(i.main) refers to quad_i2c_ctrl.o(i.I2C_Configuration) for I2C_Configuration
    main.o(i.main) refers to mpu6050.o(i.MPU6050_Initialize) for MPU6050_Initialize
    main.o(i.main) refers to main.o(i.delay_ms) for delay_ms
    main.o(i.main) refers to main.o(i.MPU6050_Get_Offset) for MPU6050_Get_Offset
    main.o(i.main) refers to main.o(i.Led_Config) for Led_Config
    main.o(i.main) refers to main.o(i.IMU_Get_Start) for IMU_Get_Start
    main.o(i.main) refers to stm32f4xx_gpio.o(i.GPIO_SetBits) for GPIO_SetBits
    main.o(i.main) refers to system_stm32f4xx.o(.data) for SystemCoreClock
    system_stm32f4xx.o(i.SystemCoreClockUpdate) refers to system_stm32f4xx.o(.data) for .data
    system_stm32f4xx.o(i.SystemInit) refers to system_stm32f4xx.o(i.SetSysClock) for SetSysClock
    startup_stm32f4xx.o(RESET) refers to startup_stm32f4xx.o(STACK) for __initial_sp
    startup_stm32f4xx.o(RESET) refers to startup_stm32f4xx.o(.text) for Reset_Handler
    startup_stm32f4xx.o(RESET) refers to stm32f4xx_it.o(i.NMI_Handler) for NMI_Handler
    startup_stm32f4xx.o(RESET) refers to stm32f4xx_it.o(i.HardFault_Handler) for HardFault_Handler
    startup_stm32f4xx.o(RESET) refers to stm32f4xx_it.o(i.MemManage_Handler) for MemManage_Handler
    startup_stm32f4xx.o(RESET) refers to stm32f4xx_it.o(i.BusFault_Handler) for BusFault_Handler
    startup_stm32f4xx.o(RESET) refers to stm32f4xx_it.o(i.UsageFault_Handler) for UsageFault_Handler
    startup_stm32f4xx.o(RESET) refers to stm32f4xx_it.o(i.SVC_Handler) for SVC_Handler
    startup_stm32f4xx.o(RESET) refers to stm32f4xx_it.o(i.DebugMon_Handler) for DebugMon_Handler
    startup_stm32f4xx.o(RESET) refers to stm32f4xx_it.o(i.PendSV_Handler) for PendSV_Handler
[...]
    hmc5883l.o(i.HMC5883L_I2C_ByteWrite) refers to stm32f4xx_i2c.o(i.I2C_CheckEvent) for I2C_CheckEvent
    hmc5883l.o(i.HMC5883L_I2C_ByteWrite) refers to stm32f4xx_i2c.o(i.I2C_Send7bitAddress) for I2C_Send7bitAddress
    hmc5883l.o(i.HMC5883L_I2C_ByteWrite) refers to stm32f4xx_i2c.o(i.I2C_SendData) for I2C_SendData
    hmc5883l.o(i.HMC5883L_I2C_ByteWrite) refers to stm32f4xx_i2c.o(i.I2C_GenerateSTOP) for I2C_GenerateSTOP
    hmc5883l.o(i.HMC5883L_Initialize) refers to hmc5883l.o(i.HMC5883L_I2C_ByteWrite) for HMC5883L_I2C_ByteWrite
    hmc5883l.o(i.HMC5883L_Initialize) refers to hmc5883l.o(i.HMC5883L_SetGain) for HMC5883L_SetGain
    hmc5883l.o(i.HMC5883L_Initialize) refers to hmc5883l.o(i.HMC5883L_SetMode) for HMC5883L_SetMode
    hmc5883l.o(i.HMC5883L_ReadBit) refers to hmc5883l.o(i.HMC5883L_I2C_BufferRead) for HMC5883L_I2C_BufferRead
    hmc5883l.o(i.HMC5883L_ReadBits) refers to hmc5883l.o(i.HMC5883L_I2C_BufferRead) for HMC5883L_I2C_BufferRead
    hmc5883l.o(i.HMC5883L_SetDataRate) refers to hmc5883l.o(i.HMC5883L_WriteBits) for HMC5883L_WriteBits
    hmc5883l.o(i.HMC5883L_SetGain) refers to hmc5883l.o(i.HMC5883L_I2C_ByteWrite) for HMC5883L_I2C_ByteWrite
    hmc5883l.o(i.HMC5883L_SetGain) refers to hmc5883l.o(.data) for .data
    hmc5883l.o(i.HMC5883L_SetMeasurementBias) refers to hmc5883l.o(i.HMC5883L_WriteBits) for HMC5883L_WriteBits
    hmc5883l.o(i.HMC5883L_SetMode) refers to hmc5883l.o(i.HMC5883L_I2C_ByteWrite) for HMC5883L_I2C_ByteWrite
    hmc5883l.o(i.HMC5883L_SetMode) refers to hmc5883l.o(.data) for .data
    hmc5883l.o(i.HMC5883L_SetSampleAveraging) refers to hmc5883l.o(i.HMC5883L_WriteBits) for HMC5883L_WriteBits
    hmc5883l.o(i.HMC5883L_TestConnection) refers to hmc5883l.o(i.HMC5883L_I2C_BufferRead) for HMC5883L_I2C_BufferRead
    hmc5883l.o(i.HMC5883L_WriteBit) refers to hmc5883l.o(i.HMC5883L_I2C_BufferRead) for HMC5883L_I2C_BufferRead
    hmc5883l.o(i.HMC5883L_WriteBit) refers to hmc5883l.o(i.HMC5883L_I2C_ByteWrite) for HMC5883L_I2C_ByteWrite
    hmc5883l.o(i.HMC5883L_WriteBits) refers to hmc5883l.o(i.HMC5883L_I2C_BufferRead) for HMC5883L_I2C_BufferRead
    hmc5883l.o(i.HMC5883L_WriteBits) refers to hmc5883l.o(i.HMC5883L_I2C_ByteWrite) for HMC5883L_I2C_ByteWrite
    kalman.o(i.kalman_filter_angle) refers to kalman.o(.data) for .data
    pid.o(i.PID_Adjustment) refers to pid.o(.data) for .data
    quad_i2c_ctrl.o(i.I2C_Configuration) refers to stm32f4xx_rcc.o(i.RCC_AHB1PeriphClockCmd) for RCC_AHB1PeriphClockCmd
    quad_i2c_ctrl.o(i.I2C_Configuration) refers to stm32f4xx_rcc.o(i.RCC_APB1PeriphClockCmd) for RCC_APB1PeriphClockCmd
    quad_i2c_ctrl.o(i.I2C_Configuration) refers to stm32f4xx_gpio.o(i.GPIO_Init) for GPIO_Init
    quad_i2c_ctrl.o(i.I2C_Configuration) refers to stm32f4xx_gpio.o(i.GPIO_PinAFConfig) for GPIO_PinAFConfig
    quad_i2c_ctrl.o(i.I2C_Configuration) refers to stm32f4xx_i2c.o(i.I2C_DeInit) for I2C_DeInit
    quad_i2c_ctrl.o(i.I2C_Configuration) refers to stm32f4xx_i2c.o(i.I2C_Init) for I2C_Init
    quad_i2c_ctrl.o(i.I2C_Configuration) refers to stm32f4xx_i2c.o(i.I2C_Cmd) for I2C_Cmd
    quad_pwm_ctrl.o(i.BLDC_Config) refers to stm32f4xx_rcc.o(i.RCC_APB1PeriphClockCmd) for RCC_APB1PeriphClockCmd
    quad_pwm_ctrl.o(i.BLDC_Config) refers to stm32f4xx_rcc.o(i.RCC_AHB1PeriphClockCmd) for RCC_AHB1PeriphClockCmd
    quad_pwm_ctrl.o(i.BLDC_Config) refers to stm32f4xx_gpio.o(i.GPIO_Init) for GPIO_Init
    quad_pwm_ctrl.o(i.BLDC_Config) refers to stm32f4xx_gpio.o(i.GPIO_PinAFConfig) for GPIO_PinAFConfig
    quad_pwm_ctrl.o(i.BLDC_Config) refers to stm32f4xx_tim.o(i.TIM_TimeBaseInit) for TIM_TimeBaseInit
    quad_pwm_ctrl.o(i.BLDC_Config) refers to stm32f4xx_tim.o(i.TIM_OC1Init) for TIM_OC1Init
    quad_pwm_ctrl.o(i.BLDC_Config) refers to stm32f4xx_tim.o(i.TIM_OC1PreloadConfig) for TIM_OC1PreloadConfig
    quad_pwm_ctrl.o(i.BLDC_Config) refers to stm32f4xx_tim.o(i.TIM_OC2Init) for TIM_OC2Init
    quad_pwm_ctrl.o(i.BLDC_Config) refers to stm32f4xx_tim.o(i.TIM_OC2PreloadConfig) for TIM_OC2PreloadConfig
    quad_pwm_ctrl.o(i.BLDC_Config) refers to stm32f4xx_tim.o(i.TIM_OC3Init) for TIM_OC3Init
    quad_pwm_ctrl.o(i.BLDC_Config) refers to stm32f4xx_tim.o(i.TIM_OC3PreloadConfig) for TIM_OC3PreloadConfig
    quad_pwm_ctrl.o(i.BLDC_Config) refers to stm32f4xx_tim.o(i.TIM_OC4Init) for TIM_OC4Init
    quad_pwm_ctrl.o(i.BLDC_Config) refers to stm32f4xx_tim.o(i.TIM_OC4PreloadConfig) for TIM_OC4PreloadConfig
    quad_pwm_ctrl.o(i.BLDC_Config) refers to stm32f4xx_tim.o(i.TIM_ARRPreloadConfig) for TIM_ARRPreloadConfig
    quad_pwm_ctrl.o(i.BLDC_Config) refers to stm32f4xx_tim.o(i.TIM_Cmd) for TIM_Cmd
    atan.o(i.__hardfp_atan) refers (Special) to iusefp.o(.text) for __I$use$fp
    atan.o(i.__hardfp_atan) refers to dadd.o(.text) for __aeabi_dadd
    atan.o(i.__hardfp_atan) refers to fpclassify.o(i.__ARM_fpclassify) for __ARM_fpclassify
    atan.o(i.__hardfp_atan) refers to dunder.o(i.__mathlib_dbl_underflow) for __mathlib_dbl_underflow
    atan.o(i.__hardfp_atan) refers to fabs.o(i.fabs) for fabs
    atan.o(i.__hardfp_atan) refers to dmul.o(.text) for __aeabi_dmul
    atan.o(i.__hardfp_atan) refers to ddiv.o(.text) for __aeabi_ddiv
    atan.o(i.__hardfp_atan) refers to poly.o(i.__kernel_poly) for __kernel_poly
    atan.o(i.__hardfp_atan) refers to atan.o(.constdata) for .constdata
    atan.o(i.__softfp_atan) refers (Special) to iusefp.o(.text) for __I$use$fp
    atan.o(i.__softfp_atan) refers to atan.o(i.__hardfp_atan) for __hardfp_atan
    atan.o(i.atan) refers (Special) to iusefp.o(.text) for __I$use$fp
    atan.o(i.atan) refers to atan.o(i.__hardfp_atan) for __hardfp_atan
    atan.o(.constdata) refers (Special) to iusefp.o(.text) for __I$use$fp
    atan_x.o(i.____hardfp_atan$lsc) refers (Special) to iusefp.o(.text) for __I$use$fp
    atan_x.o(i.____hardfp_atan$lsc) refers to dadd.o(.text) for __aeabi_dadd
    atan_x.o(i.____hardfp_atan$lsc) refers to fabs.o(i.fabs) for fabs
    atan_x.o(i.____hardfp_atan$lsc) refers to dmul.o(.text) for __aeabi_dmul
    atan_x.o(i.____hardfp_atan$lsc) refers to ddiv.o(.text) for __aeabi_ddiv
    atan_x.o(i.____hardfp_atan$lsc) refers to poly.o(i.__kernel_poly) for __kernel_poly
    atan_x.o(i.____hardfp_atan$lsc) refers to atan_x.o(.constdata) for .constdata
    atan_x.o(i.____softfp_atan$lsc) refers (Special) to iusefp.o(.text) for __I$use$fp
    atan_x.o(i.____softfp_atan$lsc) refers to atan_x.o(i.____hardfp_atan$lsc) for ____hardfp_atan$lsc
    atan_x.o(i.__atan$lsc) refers (Special) to iusefp.o(.text) for __I$use$fp
    atan_x.o(i.__atan$lsc) refers to atan_x.o(i.____hardfp_atan$lsc) for ____hardfp_atan$lsc
    atan_x.o(.constdata) refers (Special) to iusefp.o(.text) for __I$use$fp
    atan2.o(i.__hardfp_atan2) refers (Special) to iusefp.o(.text) for __I$use$fp
    atan2.o(i.__hardfp_atan2) refers to dadd.o(.text) for __aeabi_dadd
    atan2.o(i.__hardfp_atan2) refers to atan.o(i.atan) for atan
    atan2.o(i.__hardfp_atan2) refers to ddiv.o(.text) for __aeabi_ddiv
    atan2.o(i.__hardfp_atan2) refers to fabs.o(i.fabs) for fabs
    atan2.o(i.__hardfp_atan2) refers to qnan.o(.constdata) for __mathlib_zero
    atan2.o(i.__softfp_atan2) refers (Special) to iusefp.o(.text) for __I$use$fp
    atan2.o(i.__softfp_atan2) refers to atan2.o(i.__hardfp_atan2) for __hardfp_atan2
    atan2.o(i.atan2) refers (Special) to iusefp.o(.text) for __I$use$fp
    atan2.o(i.atan2) refers to atan2.o(i.__hardfp_atan2) for __hardfp_atan2
    atan2_x.o(i.____hardfp_atan2$lsc) refers (Special) to iusefp.o(.text) for __I$use$fp
    atan2_x.o(i.____hardfp_atan2$lsc) refers to dadd.o(.text) for __aeabi_dadd
    atan2_x.o(i.____hardfp_atan2$lsc) refers to atan.o(i.atan) for atan
    atan2_x.o(i.____hardfp_atan2$lsc) refers to errno.o(i.__set_errno) for __set_errno
    atan2_x.o(i.____hardfp_atan2$lsc) refers to ddiv.o(.text) for __aeabi_ddiv
    atan2_x.o(i.____hardfp_atan2$lsc) refers to fabs.o(i.fabs) for fabs
    atan2_x.o(i.____hardfp_atan2$lsc) refers to qnan.o(.constdata) for __mathlib_zero
    atan2_x.o(i.____softfp_atan2$lsc) refers (Special) to iusefp.o(.text) for __I$use$fp
    atan2_x.o(i.____softfp_atan2$lsc) refers to atan2_x.o(i.____hardfp_atan2$lsc) for ____hardfp_atan2$lsc
    atan2_x.o(i.__atan2$lsc) refers (Special) to iusefp.o(.text) for __I$use$fp
    atan2_x.o(i.__atan2$lsc) refers to atan2_x.o(i.____hardfp_atan2$lsc) for ____hardfp_atan2$lsc
    sqrt.o(i.__hardfp_sqrt) refers (Special) to iusefp.o(.text) for __I$use$fp
    sqrt.o(i.__hardfp_sqrt) refers to dsqrt.o(.text) for _dsqrt
    sqrt.o(i.__hardfp_sqrt) refers to errno.o(i.__set_errno) for __set_errno
    sqrt.o(i.__softfp_sqrt) refers (Special) to iusefp.o(.text) for __I$use$fp
    sqrt.o(i.__softfp_sqrt) refers to dsqrt.o(.text) for _dsqrt
    sqrt.o(i.__softfp_sqrt) refers to errno.o(i.__set_errno) for __set_errno
    sqrt.o(i.sqrt) refers (Special) to iusefp.o(.text) for __I$use$fp
    sqrt.o(i.sqrt) refers to dsqrt.o(.text) for _dsqrt
    sqrt.o(i.sqrt) refers to errno.o(i.__set_errno) for __set_errno
    sqrt_x.o(i.____hardfp_sqrt$lsc) refers (Special) to iusefp.o(.text) for __I$use$fp
    sqrt_x.o(i.____hardfp_sqrt$lsc) refers to cdcmple.o(.text) for __aeabi_cdcmple
    sqrt_x.o(i.____hardfp_sqrt$lsc) refers to errno.o(i.__set_errno) for __set_errno
    sqrt_x.o(i.____hardfp_sqrt$lsc) refers to dsqrt.o(.text) for _dsqrt
    sqrt_x.o(i.____softfp_sqrt$lsc) refers (Special) to iusefp.o(.text) for __I$use$fp
    sqrt_x.o(i.____softfp_sqrt$lsc) refers to cdcmple.o(.text) for __aeabi_cdcmple
    sqrt_x.o(i.____softfp_sqrt$lsc) refers to errno.o(i.__set_errno) for __set_errno
    sqrt_x.o(i.____softfp_sqrt$lsc) refers to dsqrt.o(.text) for _dsqrt
    sqrt_x.o(i.__sqrt$lsc) refers (Special) to iusefp.o(.text) for __I$use$fp
    sqrt_x.o(i.__sqrt$lsc) refers to cdcmple.o(.text) for __aeabi_cdcmple
    sqrt_x.o(i.__sqrt$lsc) refers to errno.o(i.__set_errno) for __set_errno
    sqrt_x.o(i.__sqrt$lsc) refers to dsqrt.o(.text) for _dsqrt
    entry.o(.ARM.Collect$$$$00000000) refers (Special) to entry10a.o(.ARM.Collect$$$$0000000D) for __rt_final_cpp
    entry.o(.ARM.Collect$$$$00000000) refers (Special) to entry11a.o(.ARM.Collect$$$$0000000F) for __rt_final_exit
    entry.o(.ARM.Collect$$$$00000000) refers (Special) to entry7b.o(.ARM.Collect$$$$00000008) for _main_clock
    entry.o(.ARM.Collect$$$$00000000) refers (Special) to entry8b.o(.ARM.Collect$$$$0000000A) for _main_cpp_init
    entry.o(.ARM.Collect$$$$00000000) refers (Special) to entry9a.o(.ARM.Collect$$$$0000000B) for _main_init
    entry.o(.ARM.Collect$$$$00000000) refers (Special) to entry5.o(.ARM.Collect$$$$00000004) for _main_scatterload
    entry.o(.ARM.Collect$$$$00000000) refers (Special) to entry2.o(.ARM.Collect$$$$00000001) for _main_stk
    dadd.o(.text) refers (Special) to iusefp.o(.text) for __I$use$fp
    dadd.o(.text) refers to llshl.o(.text) for __aeabi_llsl
    dadd.o(.text) refers to llsshr.o(.text) for __aeabi_lasr
    dadd.o(.text) refers to depilogue.o(.text) for _double_epilogue
    dmul.o(.text) refers (Special) to iusefp.o(.text) for __I$use$fp
    dmul.o(.text) refers to depilogue.o(.text) for _double_epilogue
    ddiv.o(.text) refers (Special) to iusefp.o(.text) for __I$use$fp
    ddiv.o(.text) refers to depilogue.o(.text) for _double_round
    dflti.o(.text) refers (Special) to iusefp.o(.text) for __I$use$fp
    dflti.o(.text) refers to depilogue.o(.text) for _double_epilogue
    f2d.o(.text) refers (Special) to iusefp.o(.text) for __I$use$fp
    d2f.o(.text) refers (Special) to iusefp.o(.text) for __I$use$fp
    d2f.o(.text) refers to fepilogue.o(.text) for _float_round
    dunder.o(i.__mathlib_dbl_underflow) refers to dmul.o(.text) for __aeabi_dmul
    fabs.o(i.__hardfp_fabs) refers (Special) to iusefp.o(.text) for __I$use$fp
    fabs.o(i.__softfp_fabs) refers (Special) to iusefp.o(.text) for __I$use$fp
    fabs.o(i.fabs) refers (Special) to iusefp.o(.text) for __I$use$fp
    fpclassify.o(i.__ARM_fpclassify) refers (Special) to iusefp.o(.text) for __I$use$fp
    poly.o(i.__kernel_poly) refers (Special) to iusefp.o(.text) for __I$use$fp
    poly.o(i.__kernel_poly) refers to dmul.o(.text) for __aeabi_dmul
    poly.o(i.__kernel_poly) refers to dadd.o(.text) for __aeabi_dadd
    qnan.o(.constdata) refers (Special) to iusefp.o(.text) for __I$use$fp
    entry2.o(.ARM.Collect$$$$00000001) refers to entry2.o(.ARM.Collect$$$$00002712) for __lit__00000000
    entry2.o(.ARM.Collect$$$$00002712) refers to startup_stm32f4xx.o(STACK) for __initial_sp
    entry2.o(__vectab_stack_and_reset_area) refers to startup_stm32f4xx.o(STACK) for __initial_sp
    entry2.o(__vectab_stack_and_reset_area) refers to entry.o(.ARM.Collect$$$$00000000) for __main
    entry5.o(.ARM.Collect$$$$00000004) refers to init.o(.text) for __scatterload
    entry9a.o(.ARM.Collect$$$$0000000B) refers to main.o(i.main) for main
    entry9b.o(.ARM.Collect$$$$0000000C) refers to main.o(i.main) for main
    errno.o(i.__aeabi_errno_addr) refers to errno.o(.data) for .data
    errno.o(i.__read_errno) refers to errno.o(.data) for .data
    errno.o(i.__set_errno) refers to errno.o(.data) for .data
    depilogue.o(.text) refers to llshl.o(.text) for __aeabi_llsl
    depilogue.o(.text) refers to llushr.o(.text) for __aeabi_llsr
    dsqrt.o(.text) refers to llushr.o(.text) for __aeabi_llsr
    dsqrt.o(.text) refers to depilogue.o(.text) for _double_round
    init.o(.text) refers to entry5.o(.ARM.Collect$$$$00000004) for __main_after_scatterload


==============================================================================

Removing Unused input sections from the image.

    Removing stm32f4xx_it.o(.rev16_text), (4 bytes).
    Removing stm32f4xx_it.o(.revsh_text), (4 bytes).
    Removing main.o(.rev16_text), (4 bytes).
    Removing main.o(.revsh_text), (4 bytes).
    Removing main.o(i.Delay), (14 bytes).
    Removing main.o(i.HMC5883L_Get_Offset), (424 bytes).
    Removing main.o(i.PID_Handle), (64 bytes).
    Removing main.o(.data), (2 bytes).
    Removing main.o(.data), (4 bytes).
    Removing main.o(.data), (4 bytes).
    Removing main.o(.data), (4 bytes).
    Removing main.o(.data), (4 bytes).
    Removing system_stm32f4xx.o(.rev16_text), (4 bytes).
    Removing system_stm32f4xx.o(.revsh_text), (4 bytes).
    Removing system_stm32f4xx.o(i.SystemCoreClockUpdate), (120 bytes).
    Removing startup_stm32f4xx.o(HEAP), (512 bytes).
    Removing misc.o(.rev16_text), (4 bytes).
    Removing misc.o(.revsh_text), (4 bytes).
    Removing misc.o(i.NVIC_Init), (100 bytes).
    Removing misc.o(i.NVIC_PriorityGroupConfig), (20 bytes).
    Removing misc.o(i.NVIC_SetVectorTable), (20 bytes).
    Removing misc.o(i.NVIC_SystemLPConfig), (24 bytes).
    Removing misc.o(i.SysTick_CLKSourceConfig), (24 bytes).
    Removing stm32f4xx_gpio.o(.rev16_text), (4 bytes).
    Removing stm32f4xx_gpio.o(.revsh_text), (4 bytes).
    Removing stm32f4xx_gpio.o(i.GPIO_DeInit), (228 bytes).
    Removing stm32f4xx_gpio.o(i.GPIO_PinLockConfig), (24 bytes).
    Removing stm32f4xx_gpio.o(i.GPIO_ReadInputData), (6 bytes).
    Removing stm32f4xx_gpio.o(i.GPIO_ReadInputDataBit), (14 bytes).
    Removing stm32f4xx_gpio.o(i.GPIO_ReadOutputData), (6 bytes).
    Removing stm32f4xx_gpio.o(i.GPIO_ReadOutputDataBit), (14 bytes).
    Removing stm32f4xx_gpio.o(i.GPIO_ResetBits), (4 bytes).
    Removing stm32f4xx_gpio.o(i.GPIO_StructInit), (18 bytes).
    Removing stm32f4xx_gpio.o(i.GPIO_ToggleBits), (8 bytes).
    Removing stm32f4xx_gpio.o(i.GPIO_Write), (4 bytes).
    Removing stm32f4xx_gpio.o(i.GPIO_WriteBit), (10 bytes).
    Removing stm32f4xx_rcc.o(.rev16_text), (4 bytes).
    Removing stm32f4xx_rcc.o(.revsh_text), (4 bytes).
    Removing stm32f4xx_rcc.o(i.RCC_AHB1PeriphClockLPModeCmd), (24 bytes).
    Removing stm32f4xx_rcc.o(i.RCC_AHB1PeriphResetCmd), (24 bytes).
    Removing stm32f4xx_rcc.o(i.RCC_AHB2PeriphClockCmd), (24 bytes).
    Removing stm32f4xx_rcc.o(i.RCC_AHB2PeriphClockLPModeCmd), (24 bytes).
    Removing stm32f4xx_rcc.o(i.RCC_AHB2PeriphResetCmd), (24 bytes).
    Removing stm32f4xx_rcc.o(i.RCC_AHB3PeriphClockCmd), (24 bytes).
    Removing stm32f4xx_rcc.o(i.RCC_AHB3PeriphClockLPModeCmd), (24 bytes).
    Removing stm32f4xx_rcc.o(i.RCC_AHB3PeriphResetCmd), (24 bytes).
    Removing stm32f4xx_rcc.o(i.RCC_APB1PeriphClockLPModeCmd), (24 bytes).
    Removing stm32f4xx_rcc.o(i.RCC_APB2PeriphClockCmd), (24 bytes).
    Removing stm32f4xx_rcc.o(i.RCC_APB2PeriphClockLPModeCmd), (24 bytes).
    Removing stm32f4xx_rcc.o(i.RCC_APB2PeriphResetCmd), (24 bytes).
    Removing stm32f4xx_rcc.o(i.RCC_AdjustHSICalibrationValue), (20 bytes).
    Removing stm32f4xx_rcc.o(i.RCC_BackupResetCmd), (12 bytes).
    Removing stm32f4xx_rcc.o(i.RCC_ClearFlag), (16 bytes).
    Removing stm32f4xx_rcc.o(i.RCC_ClearITPendingBit), (12 bytes).
    Removing stm32f4xx_rcc.o(i.RCC_ClockSecuritySystemCmd), (12 bytes).
    Removing stm32f4xx_rcc.o(i.RCC_DeInit), (60 bytes).
    Removing stm32f4xx_rcc.o(i.RCC_GetFlagStatus), (52 bytes).
    Removing stm32f4xx_rcc.o(i.RCC_GetITStatus), (20 bytes).
    Removing stm32f4xx_rcc.o(i.RCC_GetSYSCLKSource), (16 bytes).
    Removing stm32f4xx_rcc.o(i.RCC_HCLKConfig), (20 bytes).
    Removing stm32f4xx_rcc.o(i.RCC_HSEConfig), (16 bytes).
    Removing stm32f4xx_rcc.o(i.RCC_HSICmd), (12 bytes).
    Removing stm32f4xx_rcc.o(i.RCC_I2SCLKConfig), (12 bytes).
    Removing stm32f4xx_rcc.o(i.RCC_ITConfig), (24 bytes).
    Removing stm32f4xx_rcc.o(i.RCC_LSEConfig), (28 bytes).
    Removing stm32f4xx_rcc.o(i.RCC_LSICmd), (12 bytes).
    Removing stm32f4xx_rcc.o(i.RCC_MCO1Config), (20 bytes).
    Removing stm32f4xx_rcc.o(i.RCC_MCO2Config), (20 bytes).
    Removing stm32f4xx_rcc.o(i.RCC_PCLK1Config), (20 bytes).
    Removing stm32f4xx_rcc.o(i.RCC_PCLK2Config), (20 bytes).
    Removing stm32f4xx_rcc.o(i.RCC_PLLCmd), (12 bytes).
    Removing stm32f4xx_rcc.o(i.RCC_PLLConfig), (40 bytes).
    Removing stm32f4xx_rcc.o(i.RCC_PLLI2SCmd), (12 bytes).
    Removing stm32f4xx_rcc.o(i.RCC_PLLI2SConfig), (16 bytes).
    Removing stm32f4xx_rcc.o(i.RCC_RTCCLKCmd), (12 bytes).
    Removing stm32f4xx_rcc.o(i.RCC_RTCCLKConfig), (48 bytes).
    Removing stm32f4xx_rcc.o(i.RCC_SYSCLKConfig), (20 bytes).
    Removing stm32f4xx_rcc.o(i.RCC_WaitForHSEStartUp), (44 bytes).
    Removing stm32f4xx_i2c.o(.rev16_text), (4 bytes).
    Removing stm32f4xx_i2c.o(.revsh_text), (4 bytes).
    Removing stm32f4xx_i2c.o(i.I2C_ARPCmd), (20 bytes).
    Removing stm32f4xx_i2c.o(i.I2C_CalculatePEC), (20 bytes).
    Removing stm32f4xx_i2c.o(i.I2C_ClearFlag), (6 bytes).
    Removing stm32f4xx_i2c.o(i.I2C_ClearITPendingBit), (6 bytes).
    Removing stm32f4xx_i2c.o(i.I2C_DMACmd), (20 bytes).
    Removing stm32f4xx_i2c.o(i.I2C_DMALastTransferCmd), (20 bytes).
    Removing stm32f4xx_i2c.o(i.I2C_DualAddressCmd), (20 bytes).
    Removing stm32f4xx_i2c.o(i.I2C_FastModeDutyCycleConfig), (22 bytes).
    Removing stm32f4xx_i2c.o(i.I2C_GeneralCallCmd), (20 bytes).
    Removing stm32f4xx_i2c.o(i.I2C_GetITStatus), (36 bytes).
    Removing stm32f4xx_i2c.o(i.I2C_GetLastEvent), (14 bytes).
    Removing stm32f4xx_i2c.o(i.I2C_GetPEC), (6 bytes).
    Removing stm32f4xx_i2c.o(i.I2C_ITConfig), (16 bytes).
    Removing stm32f4xx_i2c.o(i.I2C_NACKPositionConfig), (22 bytes).
    Removing stm32f4xx_i2c.o(i.I2C_OwnAddress2Config), (16 bytes).
    Removing stm32f4xx_i2c.o(i.I2C_PECPositionConfig), (22 bytes).
    Removing stm32f4xx_i2c.o(i.I2C_ReadRegister), (10 bytes).
    Removing stm32f4xx_i2c.o(i.I2C_SMBusAlertConfig), (22 bytes).
    Removing stm32f4xx_i2c.o(i.I2C_SoftwareResetCmd), (20 bytes).
    Removing stm32f4xx_i2c.o(i.I2C_StretchClockCmd), (20 bytes).
    Removing stm32f4xx_i2c.o(i.I2C_StructInit), (28 bytes).
    Removing stm32f4xx_i2c.o(i.I2C_TransmitPEC), (20 bytes).
    Removing stm32f4xx_adc.o(.rev16_text), (4 bytes).
    Removing stm32f4xx_adc.o(.revsh_text), (4 bytes).
    Removing stm32f4xx_adc.o(i.ADC_AnalogWatchdogCmd), (16 bytes).
    Removing stm32f4xx_adc.o(i.ADC_AnalogWatchdogSingleChannelConfig), (12 bytes).
    Removing stm32f4xx_adc.o(i.ADC_AnalogWatchdogThresholdsConfig), (6 bytes).
    Removing stm32f4xx_adc.o(i.ADC_AutoInjectedConvCmd), (20 bytes).
    Removing stm32f4xx_adc.o(i.ADC_ClearFlag), (6 bytes).
    Removing stm32f4xx_adc.o(i.ADC_ClearITPendingBit), (8 bytes).
    Removing stm32f4xx_adc.o(i.ADC_Cmd), (20 bytes).
    Removing stm32f4xx_adc.o(i.ADC_CommonInit), (40 bytes).
    Removing stm32f4xx_adc.o(i.ADC_CommonStructInit), (12 bytes).
    Removing stm32f4xx_adc.o(i.ADC_ContinuousModeCmd), (20 bytes).
    Removing stm32f4xx_adc.o(i.ADC_DMACmd), (20 bytes).
    Removing stm32f4xx_adc.o(i.ADC_DMARequestAfterLastTransferCmd), (20 bytes).
    Removing stm32f4xx_adc.o(i.ADC_DeInit), (24 bytes).
    Removing stm32f4xx_adc.o(i.ADC_DiscModeChannelCountConfig), (16 bytes).
    Removing stm32f4xx_adc.o(i.ADC_DiscModeCmd), (20 bytes).
    Removing stm32f4xx_adc.o(i.ADC_EOCOnEachRegularChannelCmd), (20 bytes).
    Removing stm32f4xx_adc.o(i.ADC_ExternalTrigInjectedConvConfig), (12 bytes).
    Removing stm32f4xx_adc.o(i.ADC_ExternalTrigInjectedConvEdgeConfig), (12 bytes).
    Removing stm32f4xx_adc.o(i.ADC_GetConversionValue), (6 bytes).
    Removing stm32f4xx_adc.o(i.ADC_GetFlagStatus), (14 bytes).
    Removing stm32f4xx_adc.o(i.ADC_GetITStatus), (30 bytes).
    Removing stm32f4xx_adc.o(i.ADC_GetInjectedConversionValue), (14 bytes).
    Removing stm32f4xx_adc.o(i.ADC_GetMultiModeConversionValue), (12 bytes).
    Removing stm32f4xx_adc.o(i.ADC_GetSoftwareStartConvStatus), (14 bytes).
    Removing stm32f4xx_adc.o(i.ADC_GetSoftwareStartInjectedConvCmdStatus), (14 bytes).
    Removing stm32f4xx_adc.o(i.ADC_ITConfig), (18 bytes).
    Removing stm32f4xx_adc.o(i.ADC_Init), (76 bytes).
    Removing stm32f4xx_adc.o(i.ADC_InjectedChannelConfig), (74 bytes).
    Removing stm32f4xx_adc.o(i.ADC_InjectedDiscModeCmd), (20 bytes).
    Removing stm32f4xx_adc.o(i.ADC_InjectedSequencerLengthConfig), (16 bytes).
    Removing stm32f4xx_adc.o(i.ADC_MultiModeDMARequestAfterLastTransferCmd), (32 bytes).
    Removing stm32f4xx_adc.o(i.ADC_RegularChannelConfig), (116 bytes).
    Removing stm32f4xx_adc.o(i.ADC_SetInjectedOffset), (10 bytes).
    Removing stm32f4xx_adc.o(i.ADC_SoftwareStartConv), (10 bytes).
    Removing stm32f4xx_adc.o(i.ADC_SoftwareStartInjectedConv), (10 bytes).
    Removing stm32f4xx_adc.o(i.ADC_StructInit), (20 bytes).
    Removing stm32f4xx_adc.o(i.ADC_TempSensorVrefintCmd), (32 bytes).
    Removing stm32f4xx_adc.o(i.ADC_VBATCmd), (32 bytes).
    Removing stm32f4xx_can.o(.rev16_text), (4 bytes).
    Removing stm32f4xx_can.o(.revsh_text), (4 bytes).
    Removing stm32f4xx_can.o(i.CAN_CancelTransmit), (36 bytes).
    Removing stm32f4xx_can.o(i.CAN_ClearFlag), (48 bytes).
    Removing stm32f4xx_can.o(i.CAN_ClearITPendingBit), (120 bytes).
    Removing stm32f4xx_can.o(i.CAN_DBGFreeze), (20 bytes).
    Removing stm32f4xx_can.o(i.CAN_DeInit), (44 bytes).
    Removing stm32f4xx_can.o(i.CAN_FIFORelease), (22 bytes).
    Removing stm32f4xx_can.o(i.CAN_FilterInit), (196 bytes).
    Removing stm32f4xx_can.o(i.CAN_GetFlagStatus), (52 bytes).
    Removing stm32f4xx_can.o(i.CAN_GetITStatus), (168 bytes).
    Removing stm32f4xx_can.o(i.CAN_GetLSBTransmitErrorCounter), (8 bytes).
    Removing stm32f4xx_can.o(i.CAN_GetLastErrorCode), (10 bytes).
    Removing stm32f4xx_can.o(i.CAN_GetReceiveErrorCounter), (6 bytes).
    Removing stm32f4xx_can.o(i.CAN_ITConfig), (16 bytes).
    Removing stm32f4xx_can.o(i.CAN_Init), (232 bytes).
    Removing stm32f4xx_can.o(i.CAN_MessagePending), (22 bytes).
    Removing stm32f4xx_can.o(i.CAN_OperatingModeRequest), (140 bytes).
    Removing stm32f4xx_can.o(i.CAN_Receive), (126 bytes).
    Removing stm32f4xx_can.o(i.CAN_SlaveStartBank), (44 bytes).
    Removing stm32f4xx_can.o(i.CAN_Sleep), (30 bytes).
    Removing stm32f4xx_can.o(i.CAN_StructInit), (32 bytes).
    Removing stm32f4xx_can.o(i.CAN_TTComModeCmd), (90 bytes).
    Removing stm32f4xx_can.o(i.CAN_Transmit), (152 bytes).
    Removing stm32f4xx_can.o(i.CAN_TransmitStatus), (108 bytes).
    Removing stm32f4xx_can.o(i.CAN_WakeUp), (42 bytes).
    Removing stm32f4xx_can.o(i.CheckITStatus), (12 bytes).
    Removing stm32f4xx_tim.o(.rev16_text), (4 bytes).
    Removing stm32f4xx_tim.o(.revsh_text), (4 bytes).
    Removing stm32f4xx_tim.o(i.TI1_Config), (46 bytes).
    Removing stm32f4xx_tim.o(i.TI2_Config), (54 bytes).
    Removing stm32f4xx_tim.o(i.TIM_ARRPreloadConfig), (20 bytes).
    Removing stm32f4xx_tim.o(i.TIM_BDTRConfig), (34 bytes).
    Removing stm32f4xx_tim.o(i.TIM_BDTRStructInit), (18 bytes).
    Removing stm32f4xx_tim.o(i.TIM_CCPreloadControl), (20 bytes).
    Removing stm32f4xx_tim.o(i.TIM_CCxCmd), (22 bytes).
    Removing stm32f4xx_tim.o(i.TIM_CCxNCmd), (22 bytes).
    Removing stm32f4xx_tim.o(i.TIM_ClearFlag), (6 bytes).
    Removing stm32f4xx_tim.o(i.TIM_ClearITPendingBit), (6 bytes).
    Removing stm32f4xx_tim.o(i.TIM_ClearOC1Ref), (12 bytes).
    Removing stm32f4xx_tim.o(i.TIM_ClearOC2Ref), (20 bytes).
    Removing stm32f4xx_tim.o(i.TIM_ClearOC3Ref), (12 bytes).
    Removing stm32f4xx_tim.o(i.TIM_ClearOC4Ref), (20 bytes).
    Removing stm32f4xx_tim.o(i.TIM_Cmd), (20 bytes).
    Removing stm32f4xx_tim.o(i.TIM_CounterModeConfig), (12 bytes).
    Removing stm32f4xx_tim.o(i.TIM_CtrlPWMOutputs), (22 bytes).
    Removing stm32f4xx_tim.o(i.TIM_DMACmd), (16 bytes).
    Removing stm32f4xx_tim.o(i.TIM_DMAConfig), (8 bytes).
    Removing stm32f4xx_tim.o(i.TIM_DeInit), (336 bytes).
    Removing stm32f4xx_tim.o(i.TIM_ETRClockMode1Config), (18 bytes).
    Removing stm32f4xx_tim.o(i.TIM_ETRClockMode2Config), (18 bytes).
    Removing stm32f4xx_tim.o(i.TIM_ETRConfig), (24 bytes).
    Removing stm32f4xx_tim.o(i.TIM_EncoderInterfaceConfig), (50 bytes).
    Removing stm32f4xx_tim.o(i.TIM_ForcedOC1Config), (12 bytes).
    Removing stm32f4xx_tim.o(i.TIM_ForcedOC2Config), (20 bytes).
    Removing stm32f4xx_tim.o(i.TIM_ForcedOC3Config), (12 bytes).
    Removing stm32f4xx_tim.o(i.TIM_ForcedOC4Config), (20 bytes).
    Removing stm32f4xx_tim.o(i.TIM_GenerateEvent), (4 bytes).
    Removing stm32f4xx_tim.o(i.TIM_GetCapture1), (4 bytes).
    Removing stm32f4xx_tim.o(i.TIM_GetCapture2), (4 bytes).
    Removing stm32f4xx_tim.o(i.TIM_GetCapture3), (4 bytes).
    Removing stm32f4xx_tim.o(i.TIM_GetCapture4), (4 bytes).
    Removing stm32f4xx_tim.o(i.TIM_GetCounter), (4 bytes).
    Removing stm32f4xx_tim.o(i.TIM_GetFlagStatus), (14 bytes).
    Removing stm32f4xx_tim.o(i.TIM_GetITStatus), (24 bytes).
    Removing stm32f4xx_tim.o(i.TIM_GetPrescaler), (4 bytes).
    Removing stm32f4xx_tim.o(i.TIM_ICInit), (172 bytes).
    Removing stm32f4xx_tim.o(i.TIM_ICStructInit), (16 bytes).
    Removing stm32f4xx_tim.o(i.TIM_ITConfig), (16 bytes).
    Removing stm32f4xx_tim.o(i.TIM_ITRxExternalClockConfig), (18 bytes).
    Removing stm32f4xx_tim.o(i.TIM_InternalClockConfig), (10 bytes).
    Removing stm32f4xx_tim.o(i.TIM_OC1FastConfig), (12 bytes).
    Removing stm32f4xx_tim.o(i.TIM_OC1Init), (96 bytes).
    Removing stm32f4xx_tim.o(i.TIM_OC1NPolarityConfig), (12 bytes).
    Removing stm32f4xx_tim.o(i.TIM_OC1PolarityConfig), (12 bytes).
    Removing stm32f4xx_tim.o(i.TIM_OC1PreloadConfig), (12 bytes).
    Removing stm32f4xx_tim.o(i.TIM_OC2FastConfig), (20 bytes).
    Removing stm32f4xx_tim.o(i.TIM_OC2Init), (128 bytes).
    Removing stm32f4xx_tim.o(i.TIM_OC2NPolarityConfig), (20 bytes).
    Removing stm32f4xx_tim.o(i.TIM_OC2PolarityConfig), (20 bytes).
    Removing stm32f4xx_tim.o(i.TIM_OC2PreloadConfig), (20 bytes).
    Removing stm32f4xx_tim.o(i.TIM_OC3FastConfig), (12 bytes).
    Removing stm32f4xx_tim.o(i.TIM_OC3Init), (124 bytes).
    Removing stm32f4xx_tim.o(i.TIM_OC3NPolarityConfig), (20 bytes).
    Removing stm32f4xx_tim.o(i.TIM_OC3PolarityConfig), (20 bytes).
    Removing stm32f4xx_tim.o(i.TIM_OC3PreloadConfig), (12 bytes).
    Removing stm32f4xx_tim.o(i.TIM_OC4FastConfig), (20 bytes).
    Removing stm32f4xx_tim.o(i.TIM_OC4Init), (96 bytes).
    Removing stm32f4xx_tim.o(i.TIM_OC4PolarityConfig), (20 bytes).
    Removing stm32f4xx_tim.o(i.TIM_OC4PreloadConfig), (20 bytes).
    Removing stm32f4xx_tim.o(i.TIM_OCStructInit), (20 bytes).
    Removing stm32f4xx_tim.o(i.TIM_PWMIConfig), (108 bytes).
    Removing stm32f4xx_tim.o(i.TIM_PrescalerConfig), (6 bytes).
    Removing stm32f4xx_tim.o(i.TIM_RemapConfig), (6 bytes).
    Removing stm32f4xx_tim.o(i.TIM_SelectCCDMA), (20 bytes).
    Removing stm32f4xx_tim.o(i.TIM_SelectCOM), (20 bytes).
    Removing stm32f4xx_tim.o(i.TIM_SelectHallSensor), (20 bytes).
    Removing stm32f4xx_tim.o(i.TIM_SelectInputTrigger), (12 bytes).
    Removing stm32f4xx_tim.o(i.TIM_SelectMasterSlaveMode), (16 bytes).
    Removing stm32f4xx_tim.o(i.TIM_SelectOCxM), (74 bytes).
    Removing stm32f4xx_tim.o(i.TIM_SelectOnePulseMode), (16 bytes).
    Removing stm32f4xx_tim.o(i.TIM_SelectOutputTrigger), (16 bytes).
    Removing stm32f4xx_tim.o(i.TIM_SelectSlaveMode), (16 bytes).
    Removing stm32f4xx_tim.o(i.TIM_SetAutoreload), (4 bytes).
    Removing stm32f4xx_tim.o(i.TIM_SetClockDivision), (16 bytes).
    Removing stm32f4xx_tim.o(i.TIM_SetCompare1), (4 bytes).
    Removing stm32f4xx_tim.o(i.TIM_SetCompare2), (4 bytes).
    Removing stm32f4xx_tim.o(i.TIM_SetCompare3), (4 bytes).
    Removing stm32f4xx_tim.o(i.TIM_SetCompare4), (4 bytes).
    Removing stm32f4xx_tim.o(i.TIM_SetCounter), (4 bytes).
    Removing stm32f4xx_tim.o(i.TIM_SetIC1Prescaler), (16 bytes).
    Removing stm32f4xx_tim.o(i.TIM_SetIC2Prescaler), (24 bytes).
    Removing stm32f4xx_tim.o(i.TIM_SetIC3Prescaler), (16 bytes).
    Removing stm32f4xx_tim.o(i.TIM_SetIC4Prescaler), (24 bytes).
    Removing stm32f4xx_tim.o(i.TIM_TIxExternalClockConfig), (46 bytes).
    Removing stm32f4xx_tim.o(i.TIM_TimeBaseInit), (124 bytes).
    Removing stm32f4xx_tim.o(i.TIM_TimeBaseStructInit), (18 bytes).
    Removing stm32f4xx_tim.o(i.TIM_UpdateDisableConfig), (20 bytes).
    Removing stm32f4xx_tim.o(i.TIM_UpdateRequestConfig), (20 bytes).
    Removing stm32f4xx_usart.o(.rev16_text), (4 bytes).
    Removing stm32f4xx_usart.o(.revsh_text), (4 bytes).
    Removing stm32f4xx_usart.o(i.USART_ClearFlag), (6 bytes).
    Removing stm32f4xx_usart.o(i.USART_ClearITPendingBit), (12 bytes).
    Removing stm32f4xx_usart.o(i.USART_ClockInit), (28 bytes).
    Removing stm32f4xx_usart.o(i.USART_ClockStructInit), (12 bytes).
    Removing stm32f4xx_usart.o(i.USART_Cmd), (20 bytes).
    Removing stm32f4xx_usart.o(i.USART_DMACmd), (16 bytes).
    Removing stm32f4xx_usart.o(i.USART_DeInit), (140 bytes).
    Removing stm32f4xx_usart.o(i.USART_GetFlagStatus), (14 bytes).
    Removing stm32f4xx_usart.o(i.USART_GetITStatus), (62 bytes).
    Removing stm32f4xx_usart.o(i.USART_HalfDuplexCmd), (20 bytes).
    Removing stm32f4xx_usart.o(i.USART_ITConfig), (48 bytes).
    Removing stm32f4xx_usart.o(i.USART_Init), (184 bytes).
    Removing stm32f4xx_usart.o(i.USART_IrDACmd), (20 bytes).
    Removing stm32f4xx_usart.o(i.USART_IrDAConfig), (16 bytes).
    Removing stm32f4xx_usart.o(i.USART_LINBreakDetectLengthConfig), (16 bytes).
    Removing stm32f4xx_usart.o(i.USART_LINCmd), (20 bytes).
    Removing stm32f4xx_usart.o(i.USART_OneBitMethodCmd), (20 bytes).
    Removing stm32f4xx_usart.o(i.USART_OverSampling8Cmd), (20 bytes).
    Removing stm32f4xx_usart.o(i.USART_ReceiveData), (8 bytes).
    Removing stm32f4xx_usart.o(i.USART_ReceiverWakeUpCmd), (20 bytes).
    Removing stm32f4xx_usart.o(i.USART_SendBreak), (10 bytes).
    Removing stm32f4xx_usart.o(i.USART_SendData), (8 bytes).
    Removing stm32f4xx_usart.o(i.USART_SetAddress), (16 bytes).
    Removing stm32f4xx_usart.o(i.USART_SetGuardTime), (16 bytes).
    Removing stm32f4xx_usart.o(i.USART_SetPrescaler), (16 bytes).
    Removing stm32f4xx_usart.o(i.USART_SmartCardCmd), (20 bytes).
    Removing stm32f4xx_usart.o(i.USART_SmartCardNACKCmd), (20 bytes).
    Removing stm32f4xx_usart.o(i.USART_StructInit), (22 bytes).
    Removing stm32f4xx_usart.o(i.USART_WakeUpConfig), (16 bytes).
    Removing mpu6050.o(.rev16_text), (4 bytes).
    Removing mpu6050.o(.revsh_text), (4 bytes).
    Removing mpu6050.o(i.MPU6050_GetDeviceID), (24 bytes).
    Removing mpu6050.o(i.MPU6050_GetFullScaleAccelRange), (24 bytes).
    Removing mpu6050.o(i.MPU6050_GetFullScaleGyroRange), (24 bytes).
    Removing mpu6050.o(i.MPU6050_GetSleepModeStatus), (26 bytes).
    Removing mpu6050.o(i.MPU6050_I2C_Init), (2 bytes).
    Removing mpu6050.o(i.MPU6050_ReadBit), (30 bytes).
    Removing mpu6050.o(i.MPU6050_ReadBits), (48 bytes).
    Removing mpu6050.o(i.MPU6050_TestConnection), (18 bytes).
    Removing hmc5883l.o(.rev16_text), (4 bytes).
    Removing hmc5883l.o(.revsh_text), (4 bytes).
    Removing hmc5883l.o(i.HMC5883L_GetDataRate), (24 bytes).
    Removing hmc5883l.o(i.HMC5883L_GetGain), (24 bytes).
    Removing hmc5883l.o(i.HMC5883L_GetHeading), (76 bytes).
    Removing hmc5883l.o(i.HMC5883L_GetLockStatus), (26 bytes).
    Removing hmc5883l.o(i.HMC5883L_GetMeasurementBias), (24 bytes).
    Removing hmc5883l.o(i.HMC5883L_GetMode), (24 bytes).
    Removing hmc5883l.o(i.HMC5883L_GetReadyStatus), (26 bytes).
    Removing hmc5883l.o(i.HMC5883L_GetSampleAveraging), (24 bytes).
    Removing hmc5883l.o(i.HMC5883L_I2C_BufferRead), (240 bytes).
    Removing hmc5883l.o(i.HMC5883L_I2C_ByteWrite), (128 bytes).
    Removing hmc5883l.o(i.HMC5883L_I2C_Init), (2 bytes).
    Removing hmc5883l.o(i.HMC5883L_Initialize), (32 bytes).
    Removing hmc5883l.o(i.HMC5883L_ReadBit), (30 bytes).
    Removing hmc5883l.o(i.HMC5883L_ReadBits), (48 bytes).
    Removing hmc5883l.o(i.HMC5883L_SetDataRate), (18 bytes).
    Removing hmc5883l.o(i.HMC5883L_SetGain), (128 bytes).
    Removing hmc5883l.o(i.HMC5883L_SetMeasurementBias), (18 bytes).
    Removing hmc5883l.o(i.HMC5883L_SetMode), (32 bytes).
    Removing hmc5883l.o(i.HMC5883L_SetSampleAveraging), (18 bytes).
    Removing hmc5883l.o(i.HMC5883L_TestConnection), (50 bytes).
    Removing hmc5883l.o(i.HMC5883L_WriteBit), (54 bytes).
    Removing hmc5883l.o(i.HMC5883L_WriteBits), (66 bytes).
    Removing hmc5883l.o(.data), (8 bytes).
    Removing kalman.o(.rev16_text), (4 bytes).
    Removing kalman.o(.revsh_text), (4 bytes).
    Removing kalman.o(.bss), (44 bytes).
    Removing kalman.o(.bss), (44 bytes).
    Removing kalman.o(.bss), (44 bytes).
    Removing kalman.o(.bss), (44 bytes).
    Removing pid.o(.rev16_text), (4 bytes).
    Removing pid.o(.revsh_text), (4 bytes).
    Removing pid.o(i.PID_Adjustment), (124 bytes).
    Removing pid.o(i.PID_Init), (2 bytes).
    Removing pid.o(.bss), (20 bytes).
    Removing pid.o(.bss), (20 bytes).
    Removing pid.o(.bss), (20 bytes).
    Removing pid.o(.data), (8 bytes).
    Removing quad_i2c_ctrl.o(.rev16_text), (4 bytes).
    Removing quad_i2c_ctrl.o(.revsh_text), (4 bytes).
    Removing quad_pwm_ctrl.o(.rev16_text), (4 bytes).
    Removing quad_pwm_ctrl.o(.revsh_text), (4 bytes).
    Removing quad_pwm_ctrl.o(i.BLDC_Config), (316 bytes).
    Removing quad_pwm_ctrl.o(i.BLDC_CtrlPWM), (88 bytes).
    Removing dneg.o(.text), (6 bytes).
    Removing cdcmple.o(.text), (40 bytes).

349 unused section(s) (total 11358 bytes) removed from the image.

==============================================================================

Image Symbol Table

    Local Symbols

    Symbol Name                              Value     Ov Type        Size  Object(Section)

    ../clib/microlib/errno.c                 0x00000000   Number         0  errno.o ABSOLUTE
    ../clib/microlib/init/entry.s            0x00000000   Number         0  entry.o ABSOLUTE
    ../clib/microlib/init/entry.s            0x00000000   Number         0  entry9a.o ABSOLUTE
    ../clib/microlib/init/entry.s            0x00000000   Number         0  entry7a.o ABSOLUTE
    ../clib/microlib/init/entry.s            0x00000000   Number         0  entry5.o ABSOLUTE
    ../clib/microlib/init/entry.s            0x00000000   Number         0  entry8b.o ABSOLUTE
    ../clib/microlib/init/entry.s            0x00000000   Number         0  entry8a.o ABSOLUTE
    ../clib/microlib/init/entry.s            0x00000000   Number         0  entry11b.o ABSOLUTE
    ../clib/microlib/init/entry.s            0x00000000   Number         0  entry2.o ABSOLUTE
    ../clib/microlib/init/entry.s            0x00000000   Number         0  entry11a.o ABSOLUTE
    ../clib/microlib/init/entry.s            0x00000000   Number         0  entry10b.o ABSOLUTE
    ../clib/microlib/init/entry.s            0x00000000   Number         0  entry7b.o ABSOLUTE
    ../clib/microlib/init/entry.s            0x00000000   Number         0  entry10a.o ABSOLUTE
    ../clib/microlib/init/entry.s            0x00000000   Number         0  entry9b.o ABSOLUTE
    ../clib/microlib/longlong.c              0x00000000   Number         0  llushr.o ABSOLUTE
    ../clib/microlib/longlong.c              0x00000000   Number         0  llsshr.o ABSOLUTE
    ../clib/microlib/longlong.c              0x00000000   Number         0  llshl.o ABSOLUTE
    ../clib/microlib/stubs.s                 0x00000000   Number         0  iusefp.o ABSOLUTE
    ../fplib/microlib/d2f.c                  0x00000000   Number         0  d2f.o ABSOLUTE
    ../fplib/microlib/f2d.c                  0x00000000   Number         0  f2d.o ABSOLUTE
    ../fplib/microlib/fpadd.c                0x00000000   Number         0  dadd.o ABSOLUTE
    ../fplib/microlib/fpdiv.c                0x00000000   Number         0  ddiv.o ABSOLUTE
    ../fplib/microlib/fpepilogue.c           0x00000000   Number         0  depilogue.o ABSOLUTE
    ../fplib/microlib/fpepilogue.c           0x00000000   Number         0  fepilogue.o ABSOLUTE
    ../fplib/microlib/fpflt.c                0x00000000   Number         0  dflti.o ABSOLUTE
    ../fplib/microlib/fpmul.c                0x00000000   Number         0  dmul.o ABSOLUTE
    ../fplib/microlib/fpneg.c                0x00000000   Number         0  dneg.o ABSOLUTE
    ../fplib/microlib/fpsqrt.c               0x00000000   Number         0  dsqrt.o ABSOLUTE
    ../mathlib/atan.c                        0x00000000   Number         0  atan_x.o ABSOLUTE
    ../mathlib/atan.c                        0x00000000   Number         0  atan.o ABSOLUTE
    ../mathlib/atan2.c                       0x00000000   Number         0  atan2_x.o ABSOLUTE
    ../mathlib/atan2.c                       0x00000000   Number         0  atan2.o ABSOLUTE
    ../mathlib/dunder.c                      0x00000000   Number         0  dunder.o ABSOLUTE
    ../mathlib/fabs.c                        0x00000000   Number         0  fabs.o ABSOLUTE
    ../mathlib/fpclassify.c                  0x00000000   Number         0  fpclassify.o ABSOLUTE
    ../mathlib/poly.c                        0x00000000   Number         0  poly.o ABSOLUTE
    ../mathlib/qnan.c                        0x00000000   Number         0  qnan.o ABSOLUTE
    ../mathlib/sqrt.c                        0x00000000   Number         0  sqrt.o ABSOLUTE
    ../mathlib/sqrt.c                        0x00000000   Number         0  sqrt_x.o ABSOLUTE
    ..\Algorithm\Kalman.c                    0x00000000   Number         0  kalman.o ABSOLUTE
    ..\Algorithm\pid.c                       0x00000000   Number         0  pid.o ABSOLUTE
    ..\Driver\quad_i2c_ctrl.c                0x00000000   Number         0  quad_i2c_ctrl.o ABSOLUTE
    ..\Driver\quad_pwm_ctrl.c                0x00000000   Number         0  quad_pwm_ctrl.o ABSOLUTE
    ..\Libraries\CMSIS\Device\ST\STM32F4xx\Source\Templates\arm\startup_stm32f4xx.s 0x00000000   Number         0  startup_stm32f4xx.o ABSOLUTE
    ..\Libraries\STM32F4xx_StdPeriph_Driver\src\misc.c 0x00000000   Number         0  misc.o ABSOLUTE
    ..\Libraries\STM32F4xx_StdPeriph_Driver\src\stm32f4xx_adc.c 0x00000000   Number         0  stm32f4xx_adc.o ABSOLUTE
    ..\Libraries\STM32F4xx_StdPeriph_Driver\src\stm32f4xx_can.c 0x00000000   Number         0  stm32f4xx_can.o ABSOLUTE
    ..\Libraries\STM32F4xx_StdPeriph_Driver\src\stm32f4xx_gpio.c 0x00000000   Number         0  stm32f4xx_gpio.o ABSOLUTE
    ..\Libraries\STM32F4xx_StdPeriph_Driver\src\stm32f4xx_i2c.c 0x00000000   Number         0  stm32f4xx_i2c.o ABSOLUTE
    ..\Libraries\STM32F4xx_StdPeriph_Driver\src\stm32f4xx_rcc.c 0x00000000   Number         0  stm32f4xx_rcc.o ABSOLUTE
    ..\Libraries\STM32F4xx_StdPeriph_Driver\src\stm32f4xx_tim.c 0x00000000   Number         0  stm32f4xx_tim.o ABSOLUTE
    ..\Libraries\STM32F4xx_StdPeriph_Driver\src\stm32f4xx_usart.c 0x00000000   Number         0  stm32f4xx_usart.o ABSOLUTE
    ..\Sensor\HMC5883L.c                     0x00000000   Number         0  hmc5883l.o ABSOLUTE
    ..\\Algorithm\\Kalman.c                  0x00000000   Number         0  kalman.o ABSOLUTE
    ..\\Algorithm\\pid.c                     0x00000000   Number         0  pid.o ABSOLUTE
    ..\\Driver\\quad_i2c_ctrl.c              0x00000000   Number         0  quad_i2c_ctrl.o ABSOLUTE
    ..\\Driver\\quad_pwm_ctrl.c              0x00000000   Number         0  quad_pwm_ctrl.o ABSOLUTE
    ..\\Libraries\\STM32F4xx_StdPeriph_Driver\\src\\misc.c 0x00000000   Number         0  misc.o ABSOLUTE
    ..\\Libraries\\STM32F4xx_StdPeriph_Driver\\src\\stm32f4xx_adc.c 0x00000000   Number         0  stm32f4xx_adc.o ABSOLUTE
    ..\\Libraries\\STM32F4xx_StdPeriph_Driver\\src\\stm32f4xx_can.c 0x00000000   Number         0  stm32f4xx_can.o ABSOLUTE
    ..\\Libraries\\STM32F4xx_StdPeriph_Driver\\src\\stm32f4xx_gpio.c 0x00000000   Number         0  stm32f4xx_gpio.o ABSOLUTE
    ..\\Libraries\\STM32F4xx_StdPeriph_Driver\\src\\stm32f4xx_i2c.c 0x00000000   Number         0  stm32f4xx_i2c.o ABSOLUTE
    ..\\Libraries\\STM32F4xx_StdPeriph_Driver\\src\\stm32f4xx_rcc.c 0x00000000   Number         0  stm32f4xx_rcc.o ABSOLUTE
    ..\\Libraries\\STM32F4xx_StdPeriph_Driver\\src\\stm32f4xx_tim.c 0x00000000   Number         0  stm32f4xx_tim.o ABSOLUTE
    ..\\Libraries\\STM32F4xx_StdPeriph_Driver\\src\\stm32f4xx_usart.c 0x00000000   Number         0  stm32f4xx_usart.o ABSOLUTE
    ..\\Sensor\\HMC5883L.c                   0x00000000   Number         0  hmc5883l.o ABSOLUTE
    ..\\main.c                               0x00000000   Number         0  main.o ABSOLUTE
    ..\\sensor\\MPU6050.c                    0x00000000   Number         0  mpu6050.o ABSOLUTE
    ..\\stm32f4xx_it.c                       0x00000000   Number         0  stm32f4xx_it.o ABSOLUTE
    ..\\system_stm32f4xx.c                   0x00000000   Number         0  system_stm32f4xx.o ABSOLUTE
    ..\main.c                                0x00000000   Number         0  main.o ABSOLUTE
    ..\sensor\MPU6050.c                      0x00000000   Number         0  mpu6050.o ABSOLUTE
    ..\stm32f4xx_it.c                        0x00000000   Number         0  stm32f4xx_it.o ABSOLUTE
    ..\system_stm32f4xx.c                    0x00000000   Number         0  system_stm32f4xx.o ABSOLUTE
    cdcmple.s                                0x00000000   Number         0  cdcmple.o ABSOLUTE
    dc.s                                     0x00000000   Number         0  dc.o ABSOLUTE
    handlers.s                               0x00000000   Number         0  handlers.o ABSOLUTE
    init.s                                   0x00000000   Number         0  init.o ABSOLUTE
    RESET                                    0x08000000   Section      392  startup_stm32f4xx.o(RESET)
    .ARM.Collect$$$$00000000                 0x08000188   Section        0  entry.o(.ARM.Collect$$$$00000000)
    .ARM.Collect$$$$00000001                 0x08000188   Section        4  entry2.o(.ARM.Collect$$$$00000001)
    .ARM.Collect$$$$00000004                 0x0800018c   Section        4  entry5.o(.ARM.Collect$$$$00000004)
    .ARM.Collect$$$$00000008                 0x08000190   Section        0  entry7b.o(.ARM.Collect$$$$00000008)
    .ARM.Collect$$$$0000000A                 0x08000190   Section        0  entry8b.o(.ARM.Collect$$$$0000000A)
    .ARM.Collect$$$$0000000B                 0x08000190   Section        8  entry9a.o(.ARM.Collect$$$$0000000B)
    .ARM.Collect$$$$0000000D                 0x08000198   Section        0  entry10a.o(.ARM.Collect$$$$0000000D)
    .ARM.Collect$$$$0000000F                 0x08000198   Section        0  entry11a.o(.ARM.Collect$$$$0000000F)
    .ARM.Collect$$$$00002712                 0x08000198   Section        4  entry2.o(.ARM.Collect$$$$00002712)
    __lit__00000000                          0x08000198   Data           4  entry2.o(.ARM.Collect$$$$00002712)
    .text                                    0x0800019c   Section       36  startup_stm32f4xx.o(.text)
    $v0                                      0x0800019c   Number         0  startup_stm32f4xx.o(.text)
    .text                                    0x080001c0   Section        0  dadd.o(.text)
    .text                                    0x0800030e   Section        0  dmul.o(.text)
    .text                                    0x080003f2   Section        0  ddiv.o(.text)
    .text                                    0x080004d0   Section        0  dflti.o(.text)
    .text                                    0x080004f2   Section        0  f2d.o(.text)
    .text                                    0x08000518   Section        0  d2f.o(.text)
    .text                                    0x08000550   Section        0  llshl.o(.text)
    .text                                    0x0800056e   Section        0  llsshr.o(.text)
    .text                                    0x08000592   Section        0  iusefp.o(.text)
    .text                                    0x08000592   Section        0  fepilogue.o(.text)
    .text                                    0x080005fe   Section        0  depilogue.o(.text)
    .text                                    0x080006bc   Section        0  dsqrt.o(.text)
    .text                                    0x08000760   Section       36  init.o(.text)
    .text                                    0x08000784   Section        0  llushr.o(.text)
    i.BusFault_Handler                       0x080007a4   Section        0  stm32f4xx_it.o(i.BusFault_Handler)
    i.DebugMon_Handler                       0x080007a6   Section        0  stm32f4xx_it.o(i.DebugMon_Handler)
    i.GPIO_Init                              0x080007a8   Section        0  stm32f4xx_gpio.o(i.GPIO_Init)
    i.GPIO_PinAFConfig                       0x0800084a   Section        0  stm32f4xx_gpio.o(i.GPIO_PinAFConfig)
    i.GPIO_SetBits                           0x0800086a   Section        0  stm32f4xx_gpio.o(i.GPIO_SetBits)
    i.HardFault_Handler                      0x0800086e   Section        0  stm32f4xx_it.o(i.HardFault_Handler)
    i.I2C_AcknowledgeConfig                  0x08000870   Section        0  stm32f4xx_i2c.o(i.I2C_AcknowledgeConfig)
    i.I2C_CheckEvent                         0x08000884   Section        0  stm32f4xx_i2c.o(i.I2C_CheckEvent)
    i.I2C_Cmd                                0x0800089c   Section        0  stm32f4xx_i2c.o(i.I2C_Cmd)
    i.I2C_Configuration                      0x080008b0   Section        0  quad_i2c_ctrl.o(i.I2C_Configuration)
    i.I2C_DeInit                             0x08000948   Section        0  stm32f4xx_i2c.o(i.I2C_DeInit)
    i.I2C_GenerateSTART                      0x0800098c   Section        0  stm32f4xx_i2c.o(i.I2C_GenerateSTART)
    i.I2C_GenerateSTOP                       0x080009a0   Section        0  stm32f4xx_i2c.o(i.I2C_GenerateSTOP)
    i.I2C_GetFlagStatus                      0x080009b4   Section        0  stm32f4xx_i2c.o(i.I2C_GetFlagStatus)
    i.I2C_Init                               0x080009e0   Section        0  stm32f4xx_i2c.o(i.I2C_Init)
    i.I2C_ReceiveData                        0x08000a94   Section        0  stm32f4xx_i2c.o(i.I2C_ReceiveData)
    i.I2C_Send7bitAddress                    0x08000a9a   Section        0  stm32f4xx_i2c.o(i.I2C_Send7bitAddress)
    i.I2C_SendData                           0x08000aaa   Section        0  stm32f4xx_i2c.o(i.I2C_SendData)
    i.IMU_Get_Data                           0x08000ab0   Section        0  main.o(i.IMU_Get_Data)
    i.IMU_Get_Start                          0x08000d5c   Section        0  main.o(i.IMU_Get_Start)
    i.Led_Config                             0x08000e24   Section        0  main.o(i.Led_Config)
    i.MPU6050_GetRawAccelTempGyro            0x08000e58   Section        0  mpu6050.o(i.MPU6050_GetRawAccelTempGyro)
    i.MPU6050_Get_Offset                     0x08000e80   Section        0  main.o(i.MPU6050_Get_Offset)
    i.MPU6050_I2C_BufferRead                 0x08000f14   Section        0  mpu6050.o(i.MPU6050_I2C_BufferRead)
    i.MPU6050_I2C_ByteWrite                  0x08001004   Section        0  mpu6050.o(i.MPU6050_I2C_ByteWrite)
    i.MPU6050_Initialize                     0x08001084   Section        0  mpu6050.o(i.MPU6050_Initialize)
    i.MPU6050_SetClockSource                 0x080010a2   Section        0  mpu6050.o(i.MPU6050_SetClockSource)
    i.MPU6050_SetFullScaleAccelRange         0x080010b4   Section        0  mpu6050.o(i.MPU6050_SetFullScaleAccelRange)
    i.MPU6050_SetFullScaleGyroRange          0x080010c6   Section        0  mpu6050.o(i.MPU6050_SetFullScaleGyroRange)
    i.MPU6050_SetSleepModeStatus             0x080010d8   Section        0  mpu6050.o(i.MPU6050_SetSleepModeStatus)
    i.MPU6050_WriteBit                       0x080010e4   Section        0  mpu6050.o(i.MPU6050_WriteBit)
    i.MPU6050_WriteBits                      0x0800111a   Section        0  mpu6050.o(i.MPU6050_WriteBits)
    i.MemManage_Handler                      0x0800115c   Section        0  stm32f4xx_it.o(i.MemManage_Handler)
    i.NMI_Handler                            0x0800115e   Section        0  stm32f4xx_it.o(i.NMI_Handler)
    i.PendSV_Handler                         0x08001160   Section        0  stm32f4xx_it.o(i.PendSV_Handler)
    i.RCC_AHB1PeriphClockCmd                 0x08001164   Section        0  stm32f4xx_rcc.o(i.RCC_AHB1PeriphClockCmd)
    i.RCC_APB1PeriphClockCmd                 0x0800117c   Section        0  stm32f4xx_rcc.o(i.RCC_APB1PeriphClockCmd)
    i.RCC_APB1PeriphResetCmd                 0x08001194   Section        0  stm32f4xx_rcc.o(i.RCC_APB1PeriphResetCmd)
    i.RCC_GetClocksFreq                      0x080011ac   Section        0  stm32f4xx_rcc.o(i.RCC_GetClocksFreq)
    i.SVC_Handler                            0x0800123c   Section        0  stm32f4xx_it.o(i.SVC_Handler)
    i.SetSysClock                            0x08001240   Section        0  system_stm32f4xx.o(i.SetSysClock)
    SetSysClock                              0x08001241   Thumb Code   162  system_stm32f4xx.o(i.SetSysClock)
    i.SysTick_Handler                        0x080012f4   Section        0  main.o(i.SysTick_Handler)
    i.SystemInit                             0x080012f8   Section        0  system_stm32f4xx.o(i.SystemInit)
    i.UsageFault_Handler                     0x08001354   Section        0  stm32f4xx_it.o(i.UsageFault_Handler)
    i.__ARM_fpclassify                       0x08001356   Section        0  fpclassify.o(i.__ARM_fpclassify)
    i.__hardfp_atan                          0x08001388   Section        0  atan.o(i.__hardfp_atan)
    i.__hardfp_atan2                         0x08001670   Section        0  atan2.o(i.__hardfp_atan2)
    i.__hardfp_sqrt                          0x08001850   Section        0  sqrt.o(i.__hardfp_sqrt)
    i.__kernel_poly                          0x080018ca   Section        0  poly.o(i.__kernel_poly)
    i.__mathlib_dbl_underflow                0x080019c8   Section        0  dunder.o(i.__mathlib_dbl_underflow)
    i.__scatterload_copy                     0x080019e8   Section       14  handlers.o(i.__scatterload_copy)
    i.__scatterload_null                     0x080019f6   Section        2  handlers.o(i.__scatterload_null)
    i.__scatterload_zeroinit                 0x080019f8   Section       14  handlers.o(i.__scatterload_zeroinit)
    i.__set_errno                            0x08001a08   Section        0  errno.o(i.__set_errno)
    i.atan                                   0x08001a14   Section        0  atan.o(i.atan)
    i.delay_ms                               0x08001a24   Section        0  main.o(i.delay_ms)
    i.fabs                                   0x08001a4e   Section        0  fabs.o(i.fabs)
    i.kalman_filter_angle                    0x08001a70   Section        0  kalman.o(i.kalman_filter_angle)
    i.kalman_single                          0x08001b28   Section        0  kalman.o(i.kalman_single)
    i.main                                   0x08001b74   Section        0  main.o(i.main)
    .constdata                               0x08001bd8   Section      152  atan.o(.constdata)
    atanhi                                   0x08001bd8   Data          32  atan.o(.constdata)
    atanlo                                   0x08001bf8   Data          32  atan.o(.constdata)
    aTodd                                    0x08001c18   Data          40  atan.o(.constdata)
    aTeven                                   0x08001c40   Data          48  atan.o(.constdata)
    .constdata                               0x08001c70   Section        8  qnan.o(.constdata)
    .data                                    0x20000000   Section      114  main.o(.data)
    magX_max                                 0x20000024   Data           4  main.o(.data)
    magX_min                                 0x20000028   Data           4  main.o(.data)
    magY_max                                 0x2000002c   Data           4  main.o(.data)
    magY_min                                 0x20000030   Data           4  main.o(.data)
    magZ_max                                 0x20000034   Data           4  main.o(.data)
    magZ_min                                 0x20000038   Data           4  main.o(.data)
    .data                                    0x20000074   Section       20  system_stm32f4xx.o(.data)
    .data                                    0x20000088   Section       16  stm32f4xx_rcc.o(.data)
    APBAHBPrescTable                         0x20000088   Data          16  stm32f4xx_rcc.o(.data)
    .data                                    0x20000098   Section       12  kalman.o(.data)
    .data                                    0x200000a4   Section        4  errno.o(.data)
    _errno                                   0x200000a4   Data           4  errno.o(.data)
    .bss                                     0x200000a8   Section       28  main.o(.bss)
    .bss                                     0x200000c4   Section       44  kalman.o(.bss)
    .bss                                     0x200000f0   Section       44  kalman.o(.bss)
    .bss                                     0x2000011c   Section       24  kalman.o(.bss)
    .bss                                     0x20000134   Section       24  kalman.o(.bss)
    .bss                                     0x2000014c   Section       24  kalman.o(.bss)
    STACK                                    0x20000168   Section     1024  startup_stm32f4xx.o(STACK)

    Global Symbols

    Symbol Name                              Value     Ov Type        Size  Object(Section)

    BuildAttributes$$THM_ISAv4$E$P$D$K$B$S$7EM$VFPi3$EXTD16$VFPS$VFMA$PE$A:L22UL41UL21$X:L11$S22US41US21$IEEE1$IW$USESV6$~STKCKD$USESV7$~SHL$OTIME$ROPI$IEEEX$EBA8$MICROLIB$REQ8$PRES8$EABIv2 0x00000000   Number         0  anon$$obj.o ABSOLUTE
    __ARM_use_no_argv                        0x00000000   Number         0  main.o ABSOLUTE
    __cpp_initialize__aeabi_                  - Undefined Weak Reference
    __cxa_finalize                            - Undefined Weak Reference
    __decompress                              - Undefined Weak Reference
    _clock_init                               - Undefined Weak Reference
    _microlib_exit                            - Undefined Weak Reference
    __Vectors_Size                           0x00000188   Number         0  startup_stm32f4xx.o ABSOLUTE
    __Vectors                                0x08000000   Data           4  startup_stm32f4xx.o(RESET)
    __Vectors_End                            0x08000188   Data           0  startup_stm32f4xx.o(RESET)
    __main                                   0x08000189   Thumb Code     0  entry.o(.ARM.Collect$$$$00000000)
    _main_stk                                0x08000189   Thumb Code     0  entry2.o(.ARM.Collect$$$$00000001)
    _main_scatterload                        0x0800018d   Thumb Code     0  entry5.o(.ARM.Collect$$$$00000004)
    __main_after_scatterload                 0x08000191   Thumb Code     0  entry5.o(.ARM.Collect$$$$00000004)
    _main_clock                              0x08000191   Thumb Code     0  entry7b.o(.ARM.Collect$$$$00000008)
    _main_cpp_init                           0x08000191   Thumb Code     0  entry8b.o(.ARM.Collect$$$$0000000A)
    _main_init                               0x08000191   Thumb Code     0  entry9a.o(.ARM.Collect$$$$0000000B)
    __rt_final_cpp                           0x08000199   Thumb Code     0  entry10a.o(.ARM.Collect$$$$0000000D)
    __rt_final_exit                          0x08000199   Thumb Code     0  entry11a.o(.ARM.Collect$$$$0000000F)
    Reset_Handler                            0x0800019d   Thumb Code     8  startup_stm32f4xx.o(.text)
    ADC_IRQHandler                           0x080001b7   Thumb Code     0  startup_stm32f4xx.o(.text)
    CAN1_RX0_IRQHandler                      0x080001b7   Thumb Code     0  startup_stm32f4xx.o(.text)
    CAN1_RX1_IRQHandler                      0x080001b7   Thumb Code     0  startup_stm32f4xx.o(.text)
    CAN1_SCE_IRQHandler                      0x080001b7   Thumb Code     0  startup_stm32f4xx.o(.text)
    CAN1_TX_IRQHandler                       0x080001b7   Thumb Code     0  startup_stm32f4xx.o(.text)
    CAN2_RX0_IRQHandler                      0x080001b7   Thumb Code     0  startup_stm32f4xx.o(.text)
    CAN2_RX1_IRQHandler                      0x080001b7   Thumb Code     0  startup_stm32f4xx.o(.text)
    CAN2_SCE_IRQHandler                      0x080001b7   Thumb Code     0  startup_stm32f4xx.o(.text)
    CAN2_TX_IRQHandler                       0x080001b7   Thumb Code     0  startup_stm32f4xx.o(.text)
    CRYP_IRQHandler                          0x080001b7   Thumb Code     0  startup_stm32f4xx.o(.text)
    DCMI_IRQHandler                          0x080001b7   Thumb Code     0  startup_stm32f4xx.o(.text)
    DMA1_Stream0_IRQHandler                  0x080001b7   Thumb Code     0  startup_stm32f4xx.o(.text)
    DMA1_Stream1_IRQHandler                  0x080001b7   Thumb Code     0  startup_stm32f4xx.o(.text)
    DMA1_Stream2_IRQHandler                  0x080001b7   Thumb Code     0  startup_stm32f4xx.o(.text)
    DMA1_Stream3_IRQHandler                  0x080001b7   Thumb Code     0  startup_stm32f4xx.o(.text)
    DMA1_Stream4_IRQHandler                  0x080001b7   Thumb Code     0  startup_stm32f4xx.o(.text)
    DMA1_Stream5_IRQHandler                  0x080001b7   Thumb Code     0  startup_stm32f4xx.o(.text)
    DMA1_Stream6_IRQHandler                  0x080001b7   Thumb Code     0  startup_stm32f4xx.o(.text)
    DMA1_Stream7_IRQHandler                  0x080001b7   Thumb Code     0  startup_stm32f4xx.o(.text)
    DMA2_Stream0_IRQHandler                  0x080001b7   Thumb Code     0  startup_stm32f4xx.o(.text)
    DMA2_Stream1_IRQHandler                  0x080001b7   Thumb Code     0  startup_stm32f4xx.o(.text)
    DMA2_Stream2_IRQHandler                  0x080001b7   Thumb Code     0  startup_stm32f4xx.o(.text)
    DMA2_Stream3_IRQHandler                  0x080001b7   Thumb Code     0  startup_stm32f4xx.o(.text)
    DMA2_Stream4_IRQHandler                  0x080001b7   Thumb Code     0  startup_stm32f4xx.o(.text)
    DMA2_Stream5_IRQHandler                  0x080001b7   Thumb Code     0  startup_stm32f4xx.o(.text)
    DMA2_Stream6_IRQHandler                  0x080001b7   Thumb Code     0  startup_stm32f4xx.o(.text)
    DMA2_Stream7_IRQHandler                  0x080001b7   Thumb Code     0  startup_stm32f4xx.o(.text)
    ETH_IRQHandler                           0x080001b7   Thumb Code     0  startup_stm32f4xx.o(.text)
    ETH_WKUP_IRQHandler                      0x080001b7   Thumb Code     0  startup_stm32f4xx.o(.text)
    EXTI0_IRQHandler                         0x080001b7   Thumb Code     0  startup_stm32f4xx.o(.text)
    EXTI15_10_IRQHandler                     0x080001b7   Thumb Code     0  startup_stm32f4xx.o(.text)
    EXTI1_IRQHandler                         0x080001b7   Thumb Code     0  startup_stm32f4xx.o(.text)
    EXTI2_IRQHandler                         0x080001b7   Thumb Code     0  startup_stm32f4xx.o(.text)
    EXTI3_IRQHandler                         0x080001b7   Thumb Code     0  startup_stm32f4xx.o(.text)
    EXTI4_IRQHandler                         0x080001b7   Thumb Code     0  startup_stm32f4xx.o(.text)
    EXTI9_5_IRQHandler                       0x080001b7   Thumb Code     0  startup_stm32f4xx.o(.text)
    FLASH_IRQHandler                         0x080001b7   Thumb Code     0  startup_stm32f4xx.o(.text)
    FPU_IRQHandler                           0x080001b7   Thumb Code     0  startup_stm32f4xx.o(.text)
    FSMC_IRQHandler                          0x080001b7   Thumb Code     0  startup_stm32f4xx.o(.text)
    HASH_RNG_IRQHandler                      0x080001b7   Thumb Code     0  startup_stm32f4xx.o(.text)
    I2C1_ER_IRQHandler                       0x080001b7   Thumb Code     0  startup_stm32f4xx.o(.text)
    I2C1_EV_IRQHandler                       0x080001b7   Thumb Code     0  startup_stm32f4xx.o(.text)
    I2C2_ER_IRQHandler                       0x080001b7   Thumb Code     0  startup_stm32f4xx.o(.text)
    I2C2_EV_IRQHandler                       0x080001b7   Thumb Code     0  startup_stm32f4xx.o(.text)
    I2C3_ER_IRQHandler                       0x080001b7   Thumb Code     0  startup_stm32f4xx.o(.text)
    I2C3_EV_IRQHandler                       0x080001b7   Thumb Code     0  startup_stm32f4xx.o(.text)
    OTG_FS_IRQHandler                        0x080001b7   Thumb Code     0  startup_stm32f4xx.o(.text)
    OTG_FS_WKUP_IRQHandler                   0x080001b7   Thumb Code     0  startup_stm32f4xx.o(.text)
    OTG_HS_EP1_IN_IRQHandler                 0x080001b7   Thumb Code     0  startup_stm32f4xx.o(.text)
    OTG_HS_EP1_OUT_IRQHandler                0x080001b7   Thumb Code     0  startup_stm32f4xx.o(.text)
    OTG_HS_IRQHandler                        0x080001b7   Thumb Code     0  startup_stm32f4xx.o(.text)
    OTG_HS_WKUP_IRQHandler                   0x080001b7   Thumb Code     0  startup_stm32f4xx.o(.text)
    PVD_IRQHandler                           0x080001b7   Thumb Code     0  startup_stm32f4xx.o(.text)
    RCC_IRQHandler                           0x080001b7   Thumb Code     0  startup_stm32f4xx.o(.text)
    RTC_Alarm_IRQHandler                     0x080001b7   Thumb Code     0  startup_stm32f4xx.o(.text)
    RTC_WKUP_IRQHandler                      0x080001b7   Thumb Code     0  startup_stm32f4xx.o(.text)
    SDIO_IRQHandler                          0x080001b7   Thumb Code     0  startup_stm32f4xx.o(.text)
    SPI1_IRQHandler                          0x080001b7   Thumb Code     0  startup_stm32f4xx.o(.text)
    SPI2_IRQHandler                          0x080001b7   Thumb Code     0  startup_stm32f4xx.o(.text)
    SPI3_IRQHandler                          0x080001b7   Thumb Code     0  startup_stm32f4xx.o(.text)
    TAMP_STAMP_IRQHandler                    0x080001b7   Thumb Code     0  startup_stm32f4xx.o(.text)
    TIM1_BRK_TIM9_IRQHandler                 0x080001b7   Thumb Code     0  startup_stm32f4xx.o(.text)
    TIM1_CC_IRQHandler                       0x080001b7   Thumb Code     0  startup_stm32f4xx.o(.text)
    TIM1_TRG_COM_TIM11_IRQHandler            0x080001b7   Thumb Code     0  startup_stm32f4xx.o(.text)
    TIM1_UP_TIM10_IRQHandler                 0x080001b7   Thumb Code     0  startup_stm32f4xx.o(.text)
    TIM2_IRQHandler                          0x080001b7   Thumb Code     0  startup_stm32f4xx.o(.text)
    TIM3_IRQHandler                          0x080001b7   Thumb Code     0  startup_stm32f4xx.o(.text)
    TIM4_IRQHandler                          0x080001b7   Thumb Code     0  startup_stm32f4xx.o(.text)
    TIM5_IRQHandler                          0x080001b7   Thumb Code     0  startup_stm32f4xx.o(.text)
    TIM6_DAC_IRQHandler                      0x080001b7   Thumb Code     0  startup_stm32f4xx.o(.text)
    TIM7_IRQHandler                          0x080001b7   Thumb Code     0  startup_stm32f4xx.o(.text)
    TIM8_BRK_TIM12_IRQHandler                0x080001b7   Thumb Code     0  startup_stm32f4xx.o(.text)
    TIM8_CC_IRQHandler                       0x080001b7   Thumb Code     0  startup_stm32f4xx.o(.text)
    TIM8_TRG_COM_TIM14_IRQHandler            0x080001b7   Thumb Code     0  startup_stm32f4xx.o(.text)
    TIM8_UP_TIM13_IRQHandler                 0x080001b7   Thumb Code     0  startup_stm32f4xx.o(.text)
    UART4_IRQHandler                         0x080001b7   Thumb Code     0  startup_stm32f4xx.o(.text)
    UART5_IRQHandler                         0x080001b7   Thumb Code     0  startup_stm32f4xx.o(.text)
    USART1_IRQHandler                        0x080001b7   Thumb Code     0  startup_stm32f4xx.o(.text)
    USART2_IRQHandler                        0x080001b7   Thumb Code     0  startup_stm32f4xx.o(.text)
    USART3_IRQHandler                        0x080001b7   Thumb Code     0  startup_stm32f4xx.o(.text)
    USART6_IRQHandler                        0x080001b7   Thumb Code     0  startup_stm32f4xx.o(.text)
    WWDG_IRQHandler                          0x080001b7   Thumb Code     0  startup_stm32f4xx.o(.text)
    __aeabi_dadd                             0x080001c1   Thumb Code   322  dadd.o(.text)
    __aeabi_dsub                             0x08000303   Thumb Code     6  dadd.o(.text)
    __aeabi_drsub                            0x08000309   Thumb Code     6  dadd.o(.text)
    __aeabi_dmul                             0x0800030f   Thumb Code   228  dmul.o(.text)
    __aeabi_ddiv                             0x080003f3   Thumb Code   222  ddiv.o(.text)
    __aeabi_i2d                              0x080004d1   Thumb Code    34  dflti.o(.text)
    __aeabi_f2d                              0x080004f3   Thumb Code    38  f2d.o(.text)
    __aeabi_d2f                              0x08000519   Thumb Code    56  d2f.o(.text)
    __aeabi_llsl                             0x08000551   Thumb Code    30  llshl.o(.text)
    _ll_shift_l                              0x08000551   Thumb Code     0  llshl.o(.text)
    __aeabi_lasr                             0x0800056f   Thumb Code    36  llsshr.o(.text)
    _ll_sshift_r                             0x0800056f   Thumb Code     0  llsshr.o(.text)
    __I$use$fp                               0x08000593   Thumb Code     0  iusefp.o(.text)
    _float_round                             0x08000593   Thumb Code    18  fepilogue.o(.text)
    _float_epilogue                          0x080005a5   Thumb Code    90  fepilogue.o(.text)
    _double_round                            0x080005ff   Thumb Code    26  depilogue.o(.text)
    _double_epilogue                         0x08000619   Thumb Code   164  depilogue.o(.text)
    _dsqrt                                   0x080006bd   Thumb Code   162  dsqrt.o(.text)
    __scatterload                            0x08000761   Thumb Code    28  init.o(.text)
    __scatterload_rt2                        0x08000761   Thumb Code     0  init.o(.text)
    __aeabi_llsr                             0x08000785   Thumb Code    32  llushr.o(.text)
    _ll_ushift_r                             0x08000785   Thumb Code     0  llushr.o(.text)
    BusFault_Handler                         0x080007a5   Thumb Code     2  stm32f4xx_it.o(i.BusFault_Handler)
    DebugMon_Handler                         0x080007a7   Thumb Code     2  stm32f4xx_it.o(i.DebugMon_Handler)
    GPIO_Init                                0x080007a9   Thumb Code   162  stm32f4xx_gpio.o(i.GPIO_Init)
    GPIO_PinAFConfig                         0x0800084b   Thumb Code    32  stm32f4xx_gpio.o(i.GPIO_PinAFConfig)
    GPIO_SetBits                             0x0800086b   Thumb Code     4  stm32f4xx_gpio.o(i.GPIO_SetBits)
    HardFault_Handler                        0x0800086f   Thumb Code     2  stm32f4xx_it.o(i.HardFault_Handler)
    I2C_AcknowledgeConfig                    0x08000871   Thumb Code    20  stm32f4xx_i2c.o(i.I2C_AcknowledgeConfig)
    I2C_CheckEvent                           0x08000885   Thumb Code    24  stm32f4xx_i2c.o(i.I2C_CheckEvent)
    I2C_Cmd                                  0x0800089d   Thumb Code    20  stm32f4xx_i2c.o(i.I2C_Cmd)
    I2C_Configuration                        0x080008b1   Thumb Code   140  quad_i2c_ctrl.o(i.I2C_Configuration)
    I2C_DeInit                               0x08000949   Thumb Code    56  stm32f4xx_i2c.o(i.I2C_DeInit)
    I2C_GenerateSTART                        0x0800098d   Thumb Code    20  stm32f4xx_i2c.o(i.I2C_GenerateSTART)
    I2C_GenerateSTOP                         0x080009a1   Thumb Code    20  stm32f4xx_i2c.o(i.I2C_GenerateSTOP)
    I2C_GetFlagStatus                        0x080009b5   Thumb Code    42  stm32f4xx_i2c.o(i.I2C_GetFlagStatus)
    I2C_Init                                 0x080009e1   Thumb Code   172  stm32f4xx_i2c.o(i.I2C_Init)
    I2C_ReceiveData                          0x08000a95   Thumb Code     6  stm32f4xx_i2c.o(i.I2C_ReceiveData)
    I2C_Send7bitAddress                      0x08000a9b   Thumb Code    16  stm32f4xx_i2c.o(i.I2C_Send7bitAddress)
    I2C_SendData                             0x08000aab   Thumb Code     4  stm32f4xx_i2c.o(i.I2C_SendData)
    IMU_Get_Data                             0x08000ab1   Thumb Code   618  main.o(i.IMU_Get_Data)
    IMU_Get_Start                            0x08000d5d   Thumb Code   168  main.o(i.IMU_Get_Start)
    Led_Config                               0x08000e25   Thumb Code    48  main.o(i.Led_Config)
    MPU6050_GetRawAccelTempGyro              0x08000e59   Thumb Code    40  mpu6050.o(i.MPU6050_GetRawAccelTempGyro)
    MPU6050_Get_Offset                       0x08000e81   Thumb Code   136  main.o(i.MPU6050_Get_Offset)
    MPU6050_I2C_BufferRead                   0x08000f15   Thumb Code   226  mpu6050.o(i.MPU6050_I2C_BufferRead)
    MPU6050_I2C_ByteWrite                    0x08001005   Thumb Code   114  mpu6050.o(i.MPU6050_I2C_ByteWrite)
    MPU6050_Initialize                       0x08001085   Thumb Code    30  mpu6050.o(i.MPU6050_Initialize)
    MPU6050_SetClockSource                   0x080010a3   Thumb Code    18  mpu6050.o(i.MPU6050_SetClockSource)
    MPU6050_SetFullScaleAccelRange           0x080010b5   Thumb Code    18  mpu6050.o(i.MPU6050_SetFullScaleAccelRange)
    MPU6050_SetFullScaleGyroRange            0x080010c7   Thumb Code    18  mpu6050.o(i.MPU6050_SetFullScaleGyroRange)
    MPU6050_SetSleepModeStatus               0x080010d9   Thumb Code    12  mpu6050.o(i.MPU6050_SetSleepModeStatus)
    MPU6050_WriteBit                         0x080010e5   Thumb Code    54  mpu6050.o(i.MPU6050_WriteBit)
    MPU6050_WriteBits                        0x0800111b   Thumb Code    66  mpu6050.o(i.MPU6050_WriteBits)
    MemManage_Handler                        0x0800115d   Thumb Code     2  stm32f4xx_it.o(i.MemManage_Handler)
    NMI_Handler                              0x0800115f   Thumb Code     2  stm32f4xx_it.o(i.NMI_Handler)
    PendSV_Handler                           0x08001161   Thumb Code     2  stm32f4xx_it.o(i.PendSV_Handler)
    RCC_AHB1PeriphClockCmd                   0x08001165   Thumb Code    18  stm32f4xx_rcc.o(i.RCC_AHB1PeriphClockCmd)
    RCC_APB1PeriphClockCmd                   0x0800117d   Thumb Code    18  stm32f4xx_rcc.o(i.RCC_APB1PeriphClockCmd)
    RCC_APB1PeriphResetCmd                   0x08001195   Thumb Code    18  stm32f4xx_rcc.o(i.RCC_APB1PeriphResetCmd)
    RCC_GetClocksFreq                        0x080011ad   Thumb Code   132  stm32f4xx_rcc.o(i.RCC_GetClocksFreq)
    SVC_Handler                              0x0800123d   Thumb Code     2  stm32f4xx_it.o(i.SVC_Handler)
    SysTick_Handler                          0x080012f5   Thumb Code     4  main.o(i.SysTick_Handler)
    SystemInit                               0x080012f9   Thumb Code    74  system_stm32f4xx.o(i.SystemInit)
    UsageFault_Handler                       0x08001355   Thumb Code     2  stm32f4xx_it.o(i.UsageFault_Handler)
    __ARM_fpclassify                         0x08001357   Thumb Code    48  fpclassify.o(i.__ARM_fpclassify)
    __hardfp_atan                            0x08001389   Thumb Code   636  atan.o(i.__hardfp_atan)
    __hardfp_atan2                           0x08001671   Thumb Code   416  atan2.o(i.__hardfp_atan2)
    __hardfp_sqrt                            0x08001851   Thumb Code   122  sqrt.o(i.__hardfp_sqrt)
    __kernel_poly                            0x080018cb   Thumb Code   248  poly.o(i.__kernel_poly)
    __mathlib_dbl_underflow                  0x080019c9   Thumb Code    24  dunder.o(i.__mathlib_dbl_underflow)
    __scatterload_copy                       0x080019e9   Thumb Code    14  handlers.o(i.__scatterload_copy)
    __scatterload_null                       0x080019f7   Thumb Code     2  handlers.o(i.__scatterload_null)
    __scatterload_zeroinit                   0x080019f9   Thumb Code    14  handlers.o(i.__scatterload_zeroinit)
    __set_errno                              0x08001a09   Thumb Code     6  errno.o(i.__set_errno)
    atan                                     0x08001a15   Thumb Code    16  atan.o(i.atan)
    delay_ms                                 0x08001a25   Thumb Code    42  main.o(i.delay_ms)
    fabs                                     0x08001a4f   Thumb Code    32  fabs.o(i.fabs)
    kalman_filter_angle                      0x08001a71   Thumb Code   180  kalman.o(i.kalman_filter_angle)
    kalman_single                            0x08001b29   Thumb Code    74  kalman.o(i.kalman_single)
    main                                     0x08001b75   Thumb Code    84  main.o(i.main)
    __mathlib_zero                           0x08001c70   Data           8  qnan.o(.constdata)
    Region$$Table$$Base                      0x08001c78   Number         0  anon$$obj.o(Region$$Table)
    Region$$Table$$Limit                     0x08001c98   Number         0  anon$$obj.o(Region$$Table)
    accX                                     0x20000000   Data           2  main.o(.data)
    accY                                     0x20000002   Data           2  main.o(.data)
    accZ                                     0x20000004   Data           2  main.o(.data)
    gyroX                                    0x20000006   Data           2  main.o(.data)
    gyroY                                    0x20000008   Data           2  main.o(.data)
    gyroZ                                    0x2000000a   Data           2  main.o(.data)
    magX                                     0x2000000c   Data           2  main.o(.data)
    magY                                     0x2000000e   Data           2  main.o(.data)
    magZ                                     0x20000010   Data           2  main.o(.data)
    magX_offset                              0x20000012   Data           2  main.o(.data)
    magY_offset                              0x20000014   Data           2  main.o(.data)
    magZ_offset                              0x20000016   Data           2  main.o(.data)
    gyroX_offset                             0x20000018   Data           4  main.o(.data)
    gyroY_offset                             0x2000001c   Data           4  main.o(.data)
    gyroZ_offset                             0x20000020   Data           4  main.o(.data)
    accX_kalman                              0x2000003c   Data           4  main.o(.data)
    accY_kalman                              0x20000040   Data           4  main.o(.data)
    accZ_kalman                              0x20000044   Data           4  main.o(.data)
    angleX                                   0x20000048   Data           4  main.o(.data)
    angleY                                   0x2000004c   Data           4  main.o(.data)
    gyroX_rate                               0x20000050   Data           4  main.o(.data)
    gyroY_rate                               0x20000054   Data           4  main.o(.data)
    gyroZ_rate                               0x20000058   Data           4  main.o(.data)
    angleX_kalman                            0x2000005c   Data           4  main.o(.data)
    angleY_kalman                            0x20000060   Data           4  main.o(.data)
    gyroX_angle                              0x20000064   Data           4  main.o(.data)
    gyroY_angle                              0x20000068   Data           4  main.o(.data)
    HMC5883Ldata                             0x2000006c   Data           6  main.o(.data)
    SystemCoreClock                          0x20000074   Data           4  system_stm32f4xx.o(.data)
    AHBPrescTable                            0x20000078   Data          16  system_stm32f4xx.o(.data)
    Q_angle                                  0x20000098   Data           4  kalman.o(.data)
    Q_bias                                   0x2000009c   Data           4  kalman.o(.data)
    R_measure                                0x200000a0   Data           4  kalman.o(.data)
    Gyro_zero                                0x200000a8   Data          14  main.o(.bss)
    MPU6050data                              0x200000b6   Data          14  main.o(.bss)
    kalmanX                                  0x200000c4   Data          44  kalman.o(.bss)
    kalmanY                                  0x200000f0   Data          44  kalman.o(.bss)
    kalman_single_X                          0x2000011c   Data          24  kalman.o(.bss)
    kalman_single_Y                          0x20000134   Data          24  kalman.o(.bss)
    kalman_single_Z                          0x2000014c   Data          24  kalman.o(.bss)
    __initial_sp                             0x20000568   Data           0  startup_stm32f4xx.o(STACK)



==============================================================================

Memory Map of the image

  Image Entry point : 0x08000189

  Load Region LR_IROM1 (Base: 0x08000000, Size: 0x00001d40, Max: 0x00100000, ABSOLUTE)

    Execution Region ER_IROM1 (Base: 0x08000000, Size: 0x00001c98, Max: 0x00100000, ABSOLUTE)

    Base Addr    Size         Type   Attr      Idx    E Section Name        Object

    0x08000000   0x00000188   Data   RO          330    RESET               startup_stm32f4xx.o
    0x08000188   0x00000000   Code   RO         2543  * .ARM.Collect$$$$00000000  mc_w.l(entry.o)
    0x08000188   0x00000004   Code   RO         2571    .ARM.Collect$$$$00000001  mc_w.l(entry2.o)
    0x0800018c   0x00000004   Code   RO         2574    .ARM.Collect$$$$00000004  mc_w.l(entry5.o)
    0x08000190   0x00000000   Code   RO         2576    .ARM.Collect$$$$00000008  mc_w.l(entry7b.o)
    0x08000190   0x00000000   Code   RO         2578    .ARM.Collect$$$$0000000A  mc_w.l(entry8b.o)
    0x08000190   0x00000008   Code   RO         2579    .ARM.Collect$$$$0000000B  mc_w.l(entry9a.o)
    0x08000198   0x00000000   Code   RO         2581    .ARM.Collect$$$$0000000D  mc_w.l(entry10a.o)
    0x08000198   0x00000000   Code   RO         2583    .ARM.Collect$$$$0000000F  mc_w.l(entry11a.o)
    0x08000198   0x00000004   Code   RO         2572    .ARM.Collect$$$$00002712  mc_w.l(entry2.o)
    0x0800019c   0x00000024   Code   RO          331    .text               startup_stm32f4xx.o
    0x080001c0   0x0000014e   Code   RO         2546    .text               mf_w.l(dadd.o)
    0x0800030e   0x000000e4   Code   RO         2548    .text               mf_w.l(dmul.o)
    0x080003f2   0x000000de   Code   RO         2550    .text               mf_w.l(ddiv.o)
    0x080004d0   0x00000022   Code   RO         2552    .text               mf_w.l(dflti.o)
    0x080004f2   0x00000026   Code   RO         2554    .text               mf_w.l(f2d.o)
    0x08000518   0x00000038   Code   RO         2556    .text               mf_w.l(d2f.o)
    0x08000550   0x0000001e   Code   RO         2585    .text               mc_w.l(llshl.o)
    0x0800056e   0x00000024   Code   RO         2587    .text               mc_w.l(llsshr.o)
    0x08000592   0x00000000   Code   RO         2596    .text               mc_w.l(iusefp.o)
    0x08000592   0x0000006c   Code   RO         2597    .text               mf_w.l(fepilogue.o)
    0x080005fe   0x000000be   Code   RO         2599    .text               mf_w.l(depilogue.o)
    0x080006bc   0x000000a2   Code   RO         2603    .text               mf_w.l(dsqrt.o)
    0x0800075e   0x00000002   PAD
    0x08000760   0x00000024   Code   RO         2607    .text               mc_w.l(init.o)
    0x08000784   0x00000020   Code   RO         2609    .text               mc_w.l(llushr.o)
    0x080007a4   0x00000002   Code   RO            3    i.BusFault_Handler  stm32f4xx_it.o
    0x080007a6   0x00000002   Code   RO            4    i.DebugMon_Handler  stm32f4xx_it.o
    0x080007a8   0x000000a2   Code   RO          382    i.GPIO_Init         stm32f4xx_gpio.o
    0x0800084a   0x00000020   Code   RO          383    i.GPIO_PinAFConfig  stm32f4xx_gpio.o
    0x0800086a   0x00000004   Code   RO          390    i.GPIO_SetBits      stm32f4xx_gpio.o
    0x0800086e   0x00000002   Code   RO            5    i.HardFault_Handler  stm32f4xx_it.o
    0x08000870   0x00000014   Code   RO          760    i.I2C_AcknowledgeConfig  stm32f4xx_i2c.o
    0x08000884   0x00000018   Code   RO          762    i.I2C_CheckEvent    stm32f4xx_i2c.o
    0x0800089c   0x00000014   Code   RO          765    i.I2C_Cmd           stm32f4xx_i2c.o
    0x080008b0   0x00000098   Code   RO         2461    i.I2C_Configuration  quad_i2c_ctrl.o
    0x08000948   0x00000044   Code   RO          768    i.I2C_DeInit        stm32f4xx_i2c.o
    0x0800098c   0x00000014   Code   RO          772    i.I2C_GenerateSTART  stm32f4xx_i2c.o
    0x080009a0   0x00000014   Code   RO          773    i.I2C_GenerateSTOP  stm32f4xx_i2c.o
    0x080009b4   0x0000002a   Code   RO          774    i.I2C_GetFlagStatus  stm32f4xx_i2c.o
    0x080009de   0x00000002   PAD
    0x080009e0   0x000000b4   Code   RO          779    i.I2C_Init          stm32f4xx_i2c.o
    0x08000a94   0x00000006   Code   RO          784    i.I2C_ReceiveData   stm32f4xx_i2c.o
    0x08000a9a   0x00000010   Code   RO          786    i.I2C_Send7bitAddress  stm32f4xx_i2c.o
    0x08000aaa   0x00000004   Code   RO          787    i.I2C_SendData      stm32f4xx_i2c.o
    0x08000aae   0x00000002   PAD
    0x08000ab0   0x000002ac   Code   RO          183    i.IMU_Get_Data      main.o
    0x08000d5c   0x000000c8   Code   RO          184    i.IMU_Get_Start     main.o
    0x08000e24   0x00000034   Code   RO          185    i.Led_Config        main.o
    0x08000e58   0x00000028   Code   RO         2114    i.MPU6050_GetRawAccelTempGyro  mpu6050.o
    0x08000e80   0x00000094   Code   RO          186    i.MPU6050_Get_Offset  main.o
    0x08000f14   0x000000f0   Code   RO         2116    i.MPU6050_I2C_BufferRead  mpu6050.o
    0x08001004   0x00000080   Code   RO         2117    i.MPU6050_I2C_ByteWrite  mpu6050.o
    0x08001084   0x0000001e   Code   RO         2119    i.MPU6050_Initialize  mpu6050.o
    0x080010a2   0x00000012   Code   RO         2122    i.MPU6050_SetClockSource  mpu6050.o
    0x080010b4   0x00000012   Code   RO         2123    i.MPU6050_SetFullScaleAccelRange  mpu6050.o
    0x080010c6   0x00000012   Code   RO         2124    i.MPU6050_SetFullScaleGyroRange  mpu6050.o
    0x080010d8   0x0000000c   Code   RO         2125    i.MPU6050_SetSleepModeStatus  mpu6050.o
    0x080010e4   0x00000036   Code   RO         2127    i.MPU6050_WriteBit  mpu6050.o
    0x0800111a   0x00000042   Code   RO         2128    i.MPU6050_WriteBits  mpu6050.o
    0x0800115c   0x00000002   Code   RO            6    i.MemManage_Handler  stm32f4xx_it.o
    0x0800115e   0x00000002   Code   RO            7    i.NMI_Handler       stm32f4xx_it.o
    0x08001160   0x00000002   Code   RO            8    i.PendSV_Handler    stm32f4xx_it.o
    0x08001162   0x00000002   PAD
    0x08001164   0x00000018   Code   RO          479    i.RCC_AHB1PeriphClockCmd  stm32f4xx_rcc.o
    0x0800117c   0x00000018   Code   RO          488    i.RCC_APB1PeriphClockCmd  stm32f4xx_rcc.o
    0x08001194   0x00000018   Code   RO          490    i.RCC_APB1PeriphResetCmd  stm32f4xx_rcc.o
    0x080011ac   0x00000090   Code   RO          500    i.RCC_GetClocksFreq  stm32f4xx_rcc.o
    0x0800123c   0x00000002   Code   RO            9    i.SVC_Handler       stm32f4xx_it.o
    0x0800123e   0x00000002   PAD
    0x08001240   0x000000b4   Code   RO          293    i.SetSysClock       system_stm32f4xx.o
    0x080012f4   0x00000004   Code   RO          188    i.SysTick_Handler   main.o
    0x080012f8   0x0000005c   Code   RO          295    i.SystemInit        system_stm32f4xx.o
    0x08001354   0x00000002   Code   RO           10    i.UsageFault_Handler  stm32f4xx_it.o
    0x08001356   0x00000030   Code   RO         2566    i.__ARM_fpclassify  m_wm.l(fpclassify.o)
    0x08001386   0x00000002   PAD
    0x08001388   0x000002e8   Code   RO         2505    i.__hardfp_atan     m_wm.l(atan.o)
    0x08001670   0x000001e0   Code   RO         2519    i.__hardfp_atan2    m_wm.l(atan2.o)
    0x08001850   0x0000007a   Code   RO         2531    i.__hardfp_sqrt     m_wm.l(sqrt.o)
    0x080018ca   0x000000f8   Code   RO         2568    i.__kernel_poly     m_wm.l(poly.o)
    0x080019c2   0x00000006   PAD
    0x080019c8   0x00000020   Code   RO         2558    i.__mathlib_dbl_underflow  m_wm.l(dunder.o)
    0x080019e8   0x0000000e   Code   RO         2613    i.__scatterload_copy  mc_w.l(handlers.o)
    0x080019f6   0x00000002   Code   RO         2614    i.__scatterload_null  mc_w.l(handlers.o)
    0x080019f8   0x0000000e   Code   RO         2615    i.__scatterload_zeroinit  mc_w.l(handlers.o)
    0x08001a06   0x00000002   PAD
    0x08001a08   0x0000000c   Code   RO         2591    i.__set_errno       mc_w.l(errno.o)
    0x08001a14   0x00000010   Code   RO         2507    i.atan              m_wm.l(atan.o)
    0x08001a24   0x0000002a   Code   RO          189    i.delay_ms          main.o
    0x08001a4e   0x00000020   Code   RO         2562    i.fabs              m_wm.l(fabs.o)
    0x08001a6e   0x00000002   PAD
    0x08001a70   0x000000b8   Code   RO         2382    i.kalman_filter_angle  kalman.o
    0x08001b28   0x0000004a   Code   RO         2383    i.kalman_single     kalman.o
    0x08001b72   0x00000002   PAD
    0x08001b74   0x00000060   Code   RO          190    i.main              main.o
    0x08001bd4   0x00000004   PAD
    0x08001bd8   0x00000098   Data   RO         2508    .constdata          m_wm.l(atan.o)
    0x08001c70   0x00000008   Data   RO         2570    .constdata          m_wm.l(qnan.o)
    0x08001c78   0x00000020   Data   RO         2611    Region$$Table       anon$$obj.o


    Execution Region RW_IRAM1 (Base: 0x20000000, Size: 0x00000568, Max: 0x00020000, ABSOLUTE)

    Base Addr    Size         Type   Attr      Idx    E Section Name        Object

    0x20000000   0x00000072   Data   RW          192    .data               main.o
    0x20000072   0x00000002   PAD
    0x20000074   0x00000014   Data   RW          296    .data               system_stm32f4xx.o
    0x20000088   0x00000010   Data   RW          523    .data               stm32f4xx_rcc.o
    0x20000098   0x0000000c   Data   RW         2393    .data               kalman.o
    0x200000a4   0x00000004   Data   RW         2592    .data               mc_w.l(errno.o)
    0x200000a8   0x0000001c   Zero   RW          191    .bss                main.o
    0x200000c4   0x0000002c   Zero   RW         2384    .bss                kalman.o
    0x200000f0   0x0000002c   Zero   RW         2385    .bss                kalman.o
    0x2000011c   0x00000018   Zero   RW         2390    .bss                kalman.o
    0x20000134   0x00000018   Zero   RW         2391    .bss                kalman.o
    0x2000014c   0x00000018   Zero   RW         2392    .bss                kalman.o
    0x20000164   0x00000004   PAD
    0x20000168   0x00000400   Zero   RW          328    STACK               startup_stm32f4xx.o


==============================================================================

Image component sizes


      Code (inc. data)   RO Data    RW Data    ZI Data      Debug   Object Name

       258          4          0         12        160       2691   kalman.o
      1226        126          0        114         28      32823   main.o
       624         28          0          0          0       6012   mpu6050.o
       152         12          0          0          0        640   quad_i2c_ctrl.o
        36          8        392          0       1024        896   startup_stm32f4xx.o
       198          0          0          0          0       2266   stm32f4xx_gpio.o
       420         20          0          0          0       7133   stm32f4xx_i2c.o
        16          0          0          0          0     242420   stm32f4xx_it.o
       216         30          0         16          0       4431   stm32f4xx_rcc.o
       272         36          0         20          0       1709   system_stm32f4xx.o

    ----------------------------------------------------------------------
      3432        268        424        164       1216     301021   Object Totals
         0          0         32          0          0          0   (incl. Generated)
        14          4          0          2          4          0   (incl. Padding)

    ----------------------------------------------------------------------

      Code (inc. data)   RO Data    RW Data    ZI Data      Debug   Library Member Name

       760        108        152          0          0        344   atan.o
       480         64          0          0          0        156   atan2.o
        32          8          0          0          0        124   dunder.o
        32          0          0          0          0        124   fabs.o
        48          0          0          0          0        124   fpclassify.o
       248          0          0          0          0        152   poly.o
         0          0          8          0          0          0   qnan.o
       122          0          0          0          0        148   sqrt.o
         0          0          0          0          0          0   entry.o
         0          0          0          0          0          0   entry10a.o
         0          0          0          0          0          0   entry11a.o
         8          4          0          0          0          0   entry2.o
         4          0          0          0          0          0   entry5.o
         0          0          0          0          0          0   entry7b.o
         0          0          0          0          0          0   entry8b.o
         8          4          0          0          0          0   entry9a.o
        12          6          0          4          0         68   errno.o
        30          0          0          0          0          0   handlers.o
        36          8          0          0          0         68   init.o
         0          0          0          0          0          0   iusefp.o
        30          0          0          0          0         68   llshl.o
        36          0          0          0          0         68   llsshr.o
        32          0          0          0          0         68   llushr.o
        56          0          0          0          0         88   d2f.o
       334          0          0          0          0        148   dadd.o
       222          0          0          0          0        100   ddiv.o
       190          0          0          0          0        176   depilogue.o
        34          0          0          0          0         76   dflti.o
       228          0          0          0          0         96   dmul.o
       162          0          0          0          0        100   dsqrt.o
        38          0          0          0          0         68   f2d.o
       108          0          0          0          0        168   fepilogue.o

    ----------------------------------------------------------------------
      3304        202        160          4          0       2532   Library Totals
        14          0          0          0          0          0   (incl. Padding)

    ----------------------------------------------------------------------

      Code (inc. data)   RO Data    RW Data    ZI Data      Debug   Library Name

      1722        180        160          0          0       1172   m_wm.l
       196         22          0          4          0        340   mc_w.l
      1372          0          0          0          0       1020   mf_w.l

    ----------------------------------------------------------------------
      3304        202        160          4          0       2532   Library Totals

    ----------------------------------------------------------------------

==============================================================================


      Code (inc. data)   RO Data    RW Data    ZI Data      Debug   

      6736        470        584        168       1216     298281   Grand Totals
      6736        470        584        168       1216     298281   ELF Image Totals
      6736        470        584        168          0          0   ROM Totals

==============================================================================

    Total RO  Size (Code + RO Data)                 7320 (   7.15kB)
    Total RW  Size (RW Data + ZI Data)              1384 (   1.35kB)
    Total ROM Size (Code + RO Data + RW Data)       7488 (   7.31kB)

==============================================================================

