<html>
<body>
<pre>
<h1>µVision Build Log</h1>
<h2>Project:</h2>
C:\Users\kael5\Desktop\Project_Quad\github\Working\MDK-ARM\Project.uvproj
Project File Date:  09/23/2015

<h2>Output:</h2>
Build target 'Project'
compiling main.c...
..\Sensor\MPU6050.h(370): warning:  #1295-D: Deprecated declaration MPU6050_Initialize - give arg types
  void MPU6050_Initialize();
..\Sensor\MPU6050.h(371): warning:  #1295-D: Deprecated declaration MPU6050_TestConnection - give arg types
  bool MPU6050_TestConnection();
..\Sensor\MPU6050.h(374): warning:  #1295-D: Deprecated declaration MPU6050_GetFullScaleGyroRange - give arg types
  uint8_t MPU6050_GetFullScaleGyroRange();
..\Sensor\MPU6050.h(377): warning:  #1295-D: Deprecated declaration MPU6050_GetFullScaleAccelRange - give arg types
  uint8_t MPU6050_GetFullScaleAccelRange();
..\Sensor\MPU6050.h(381): warning:  #1295-D: Deprecated declaration MPU6050_GetSleepModeStatus - give arg types
  bool MPU6050_GetSleepModeStatus();
..\Sensor\MPU6050.h(385): warning:  #1295-D: Deprecated declaration MPU6050_GetDeviceID - give arg types
  uint8_t MPU6050_GetDeviceID();
..\Sensor\MPU6050.h(398): warning:  #1-D: last line of file ends without a newline
  #endif /* __MPU6050_H */
..\main.c(90): warning:  #1035-D: single-precision operand implicitly converted to double-precision
    gyroX_rate = (gyroX - gyroX_offset)/GYRO_LSB;
..\main.c(91): warning:  #1035-D: single-precision operand implicitly converted to double-precision
        gyroY_rate = (gyroY - gyroY_offset)/GYRO_LSB;
..\main.c(94): warning:  #1035-D: single-precision operand implicitly converted to double-precision
        gyroX_angle += gyroX_rate*DT;
..\main.c(95): warning:  #1035-D: single-precision operand implicitly converted to double-precision
        gyroY_angle += gyroY_rate*DT;
..\main.c: 11 warnings, 0 errors
linking...
Program Size: Code=7416 RO-data=584 RW-data=228 ZI-data=1084  
".\Project\Project.axf" - 0 Error(s), 11 Warning(s).
</pre>
</body>
</html>
c...
linking...
Program Size: Code=6568 RO-data=584 RW-data=228 ZI-data=1084  
".\Project\Project.axf" - 0 Error(s), 12 Warning(s).
  #1-D: last line of file ends without a newline
  #endif 
..\Driver\i2c.c: 1 warning, 0 errors
".\Project\Project.axf" - 1 Error(s), 13 Warning(s).
Target not created
d.c(16): warning:  #1035-D: single-precision operand implicitly converted to double-precision
        pid->Kd_Value = Kd*diff/pid_sampletime;
..\Algorithm\pid.c(30): warning:  #1-D: last line of file ends without a newline
  }
..\Algorithm\pid.c: 5 warnings, 0 errors
compiling pwm.c...
..\..\Working\main.h(7): warning:  #1-D: last line of file ends without a newline
  #endif 
..\Driver\pwm.c(47): warning:  #1-D: last line of file ends without a newline
  }
..\Driver\pwm.c: 2 warnings, 0 errors
compiling i2c.c...
..\..\Working\main.h(7): warning:  #1-D: last line of file ends without a newline
  #endif 
..\Driver\i2c.c: 1 warning, 0 errors
linking...
Program Size: Code=6568 RO-data=584 RW-data=228 ZI-data=1084  
".\Project\Project.axf" - 0 Error(s), 20 Warning(s).
..
..\..\Working\main.h(8): warning:  #1-D: last line of file ends without a newline
  #endif 
..\Driver\i2c.c(22): error:  #20: identifier "GPIO_InitStructure" is undefined
    GPIO_InitStructure.GPIO_Pin = GPIO_Pin_8 | GPIO_Pin_9;
..\Driver\i2c.c(34): error:  #20: identifier "I2C_InitStructure" is undefined
    I2C_InitStructure.I2C_Mode = I2C_Mode_I2C;
..\Driver\i2c.c: 1 warning, 2 errors
".\Project\Project.axf" - 4 Error(s), 20 Warning(s).
Target not created
Structure multiply defined (by i2c.o and main.o).
.\Project\Project.axf: Error: L6200E: Symbol DMA_InitStructure multiply defined (by pid.o and main.o).
.\Project\Project.axf: Error: L6200E: Symbol DMA_InitStructure multiply defined (by pwm.o and main.o).
.\Project\Project.axf: Error: L6200E: Symbol DMA_InitStructure multiply defined (by i2c.o and main.o).
.\Project\Project.axf: Error: L6200E: Symbol I2C_InitStructure multiply defined (by pid.o and main.o).
.\Project\Project.axf: Error: L6200E: Symbol I2C_InitStructure multiply defined (by pwm.o and main.o).
.\Project\Project.axf: Error: L6200E: Symbol I2C_InitStructure multiply defined (by i2c.o and main.o).
.\Project\Project.axf: Error: L6200E: Symbol TIM_ICInitStructure multiply defined (by pid.o and main.o).
.\Project\Project.axf: Error: L6200E: Symbol TIM_ICInitStructure multiply defined (by pwm.o and main.o).
.\Project\Project.axf: Error: L6200E: Symbol TIM_ICInitStructure multiply defined (by i2c.o and main.o).
.\Project\Project.axf: Error: L6200E: Symbol TIM_OCInitStructure multiply defined (by pid.o and main.o).
.\Project\Project.axf: Error: L6200E: Symbol TIM_OCInitStructure multiply defined (by pwm.o and main.o).
.\Project\Project.axf: Error: L6200E: Symbol TIM_OCInitStructure multiply defined (by i2c.o and main.o).
.\Project\Project.axf: Error: L6200E: Symbol TIM_TimeBaseStructure multiply defined (by pid.o and main.o).
.\Project\Project.axf: Error: L6200E: Symbol TIM_TimeBaseStructure multiply defined (by pwm.o and main.o).
.\Project\Project.axf: Error: L6200E: Symbol TIM_TimeBaseStructure multiply defined (by i2c.o and main.o).
.\Project\Project.axf: Error: L6200E: Symbol USART_InitStructure multiply defined (by pid.o and main.o).
.\Project\Project.axf: Error: L6200E: Symbol USART_InitStructure multiply defined (by pwm.o and main.o).
.\Project\Project.axf: Error: L6200E: Symbol USART_InitStructure multiply defined (by i2c.o and main.o).
.\Project\Project.axf: Error: L6200E: Symbol EXTI_InitStructure multiply defined (by pid.o and main.o).
.\Project\Project.axf: Error: L6200E: Symbol EXTI_InitStructure multiply defined (by pwm.o and main.o).
.\Project\Project.axf: Error: L6200E: Symbol EXTI_InitStructure multiply defined (by i2c.o and main.o).
.\Project\Project.axf: Error: L6200E: Symbol NVIC_InitStructure multiply defined (by pid.o and main.o).
.\Project\Project.axf: Error: L6200E: Symbol NVIC_InitStructure multiply defined (by pwm.o and main.o).
.\Project\Project.axf: Error: L6200E: Symbol NVIC_InitStructure multiply defined (by i2c.o and main.o).
.\Project\Project.axf: Error: L6200E: Symbol GPIO_InitStructure multiply defined (by pid.o and main.o).
.\Project\Project.axf: Error: L6200E: Symbol GPIO_InitStructure multiply defined (by pwm.o and main.o).
.\Project\Project.axf: Error: L6200E: Symbol GPIO_InitStructure multiply defined (by i2c.o and main.o).
Not enough information to list image symbols.
Not enough information to list the image map.
Finished: 2 information, 0 warning and 33 error messages.
".\Project\Project.axf" - 33 Error(s), 20 Warning(s).
Target not created
